../Core/Inc/driver_protocol.h:84:23:veda_checksum	24	static
../Core/Inc/driver_protocol.h:96:23:veda_uplink_checksum	16	static
../Core/Src/app_tasks.c:186:6:App_TasksInit	8	static
../Core/Src/app_tasks.c:217:6:App_UartRxByteFromISR	16	static
../Core/Src/app_tasks.c:234:13:rx_task	88	static
../Core/Src/app_tasks.c:300:13:control_task	64	static
../Core/Src/app_tasks.c:359:13:read_actuator_state	24	static
../Core/Src/app_tasks.c:375:13:apply_channel_actuators	16	static
../Core/Src/app_tasks.c:396:13:control_process_command	24	static
../Core/Src/app_tasks.c:417:13:tx_task	64	static
../Core/Src/app_tasks.c:446:13:heartbeat_task	40	static
../Core/Src/app_tasks.c:477:13:heartbeat_build_message	24	static
../Core/Src/app_tasks.c:490:13:schedule_task	24	static
../Core/Src/app_tasks.c:512:13:update_channel_led	24	static
../Core/Src/app_tasks.c:538:13:led_task	32	static
