../Core/Src/main.c:85:5:main	8	static
../Core/Src/main.c:169:6:SystemClock_Config	88	static
../Core/Src/main.c:216:13:MX_USART1_UART_Init	8	static
../Core/Src/main.c:249:13:MX_USART2_UART_Init	8	static
../Core/Src/main.c:282:13:MX_GPIO_Init	48	static
../Core/Src/main.c:337:5:__io_putchar	16	static
../Core/Src/main.c:353:5:_write	32	static
../Core/Src/main.c:379:6:App_UartRxArm	8	static
../Core/Src/main.c:392:6:HAL_UART_ErrorCallback	24	static
../Core/Src/main.c:409:6:HAL_UART_RxCpltCallback	16	static
../Core/Src/main.c:426:6:StartDefaultTask	16	static
../Core/Src/main.c:446:6:HAL_TIM_PeriodElapsedCallback	16	static
../Core/Src/main.c:464:6:Error_Handler	4	static,ignoring_inline_asm
