../Core/Src/main.c:336:13:slave_print	16	static
../Core/Src/main.c:342:13:slave_print_digit	24	static
../Core/Src/main.c:430:16:channel_output_index	24	static
../Core/Src/main.c:482:13:channel_hardware_init	40	static
../Core/Src/main.c:541:26:strip_show	32	static
../Core/Src/main.c:604:13:neopixel_service	16	static
../Core/Src/main.c:665:13:apply_channel_state	24	static
../Core/Src/main.c:724:16:process_rs485_line	24	static
../Core/Src/main.c:781:13:process_rs485_byte	24	static
../Core/Src/main.c:820:6:HAL_UART_RxCpltCallback	16	static
../Core/Src/main.c:834:6:HAL_UART_ErrorCallback	16	static
../Core/Src/main.c:850:5:main	8	static
../Core/Src/main.c:937:6:SystemClock_Config	88	static
../Core/Src/main.c:984:13:MX_USART1_UART_Init	8	static
../Core/Src/main.c:1017:13:MX_USART2_UART_Init	8	static
../Core/Src/main.c:1050:13:MX_GPIO_Init	48	static
../Core/Src/main.c:1091:13:rs485_de_init	32	static
../Core/Src/main.c:1121:13:rs485_send_ack	40	static
../Core/Src/main.c:1157:6:StartDefaultTask	24	static
../Core/Src/main.c:1339:6:Error_Handler	4	static,ignoring_inline_asm
