Archive member included to satisfy reference by file (symbol)

C:/ST/STM32CubeIDE_1.19.0/STM32CubeIDE/plugins/com.st.stm32cube.ide.mcu.externaltools.gnu-tools-for-stm32.13.3.rel1.win32_1.0.0.202411081344/tools/bin/../lib/gcc/arm-none-eabi/13.3.1/../../../../arm-none-eabi/lib/thumb/v7e-m+fp/hard\libc_nano.a(libc_a-exit.o)
                              C:/ST/STM32CubeIDE_1.19.0/STM32CubeIDE/plugins/com.st.stm32cube.ide.mcu.externaltools.gnu-tools-for-stm32.13.3.rel1.win32_1.0.0.202411081344/tools/bin/../lib/gcc/arm-none-eabi/13.3.1/../../../../arm-none-eabi/lib/thumb/v7e-m+fp/hard/crt0.o (exit)
C:/ST/STM32CubeIDE_1.19.0/STM32CubeIDE/plugins/com.st.stm32cube.ide.mcu.externaltools.gnu-tools-for-stm32.13.3.rel1.win32_1.0.0.202411081344/tools/bin/../lib/gcc/arm-none-eabi/13.3.1/../../../../arm-none-eabi/lib/thumb/v7e-m+fp/hard\libc_nano.a(libc_a-findfp.o)
                              C:/ST/STM32CubeIDE_1.19.0/STM32CubeIDE/plugins/com.st.stm32cube.ide.mcu.externaltools.gnu-tools-for-stm32.13.3.rel1.win32_1.0.0.202411081344/tools/bin/../lib/gcc/arm-none-eabi/13.3.1/../../../../arm-none-eabi/lib/thumb/v7e-m+fp/hard\libc_nano.a(libc_a-exit.o) (__stdio_exit_handler)
C:/ST/STM32CubeIDE_1.19.0/STM32CubeIDE/plugins/com.st.stm32cube.ide.mcu.externaltools.gnu-tools-for-stm32.13.3.rel1.win32_1.0.0.202411081344/tools/bin/../lib/gcc/arm-none-eabi/13.3.1/../../../../arm-none-eabi/lib/thumb/v7e-m+fp/hard\libc_nano.a(libc_a-fwalk.o)
                              C:/ST/STM32CubeIDE_1.19.0/STM32CubeIDE/plugins/com.st.stm32cube.ide.mcu.externaltools.gnu-tools-for-stm32.13.3.rel1.win32_1.0.0.202411081344/tools/bin/../lib/gcc/arm-none-eabi/13.3.1/../../../../arm-none-eabi/lib/thumb/v7e-m+fp/hard\libc_nano.a(libc_a-findfp.o) (_fwalk_sglue)
C:/ST/STM32CubeIDE_1.19.0/STM32CubeIDE/plugins/com.st.stm32cube.ide.mcu.externaltools.gnu-tools-for-stm32.13.3.rel1.win32_1.0.0.202411081344/tools/bin/../lib/gcc/arm-none-eabi/13.3.1/../../../../arm-none-eabi/lib/thumb/v7e-m+fp/hard\libc_nano.a(libc_a-stdio.o)
                              C:/ST/STM32CubeIDE_1.19.0/STM32CubeIDE/plugins/com.st.stm32cube.ide.mcu.externaltools.gnu-tools-for-stm32.13.3.rel1.win32_1.0.0.202411081344/tools/bin/../lib/gcc/arm-none-eabi/13.3.1/../../../../arm-none-eabi/lib/thumb/v7e-m+fp/hard\libc_nano.a(libc_a-findfp.o) (__sread)
C:/ST/STM32CubeIDE_1.19.0/STM32CubeIDE/plugins/com.st.stm32cube.ide.mcu.externaltools.gnu-tools-for-stm32.13.3.rel1.win32_1.0.0.202411081344/tools/bin/../lib/gcc/arm-none-eabi/13.3.1/../../../../arm-none-eabi/lib/thumb/v7e-m+fp/hard\libc_nano.a(libc_a-memset.o)
                              C:/ST/STM32CubeIDE_1.19.0/STM32CubeIDE/plugins/com.st.stm32cube.ide.mcu.externaltools.gnu-tools-for-stm32.13.3.rel1.win32_1.0.0.202411081344/tools/bin/../lib/gcc/arm-none-eabi/13.3.1/../../../../arm-none-eabi/lib/thumb/v7e-m+fp/hard/crt0.o (memset)
C:/ST/STM32CubeIDE_1.19.0/STM32CubeIDE/plugins/com.st.stm32cube.ide.mcu.externaltools.gnu-tools-for-stm32.13.3.rel1.win32_1.0.0.202411081344/tools/bin/../lib/gcc/arm-none-eabi/13.3.1/../../../../arm-none-eabi/lib/thumb/v7e-m+fp/hard\libc_nano.a(libc_a-closer.o)
                              C:/ST/STM32CubeIDE_1.19.0/STM32CubeIDE/plugins/com.st.stm32cube.ide.mcu.externaltools.gnu-tools-for-stm32.13.3.rel1.win32_1.0.0.202411081344/tools/bin/../lib/gcc/arm-none-eabi/13.3.1/../../../../arm-none-eabi/lib/thumb/v7e-m+fp/hard\libc_nano.a(libc_a-stdio.o) (_close_r)
C:/ST/STM32CubeIDE_1.19.0/STM32CubeIDE/plugins/com.st.stm32cube.ide.mcu.externaltools.gnu-tools-for-stm32.13.3.rel1.win32_1.0.0.202411081344/tools/bin/../lib/gcc/arm-none-eabi/13.3.1/../../../../arm-none-eabi/lib/thumb/v7e-m+fp/hard\libc_nano.a(libc_a-reent.o)
                              C:/ST/STM32CubeIDE_1.19.0/STM32CubeIDE/plugins/com.st.stm32cube.ide.mcu.externaltools.gnu-tools-for-stm32.13.3.rel1.win32_1.0.0.202411081344/tools/bin/../lib/gcc/arm-none-eabi/13.3.1/../../../../arm-none-eabi/lib/thumb/v7e-m+fp/hard\libc_nano.a(libc_a-closer.o) (errno)
C:/ST/STM32CubeIDE_1.19.0/STM32CubeIDE/plugins/com.st.stm32cube.ide.mcu.externaltools.gnu-tools-for-stm32.13.3.rel1.win32_1.0.0.202411081344/tools/bin/../lib/gcc/arm-none-eabi/13.3.1/../../../../arm-none-eabi/lib/thumb/v7e-m+fp/hard\libc_nano.a(libc_a-impure.o)
                              C:/ST/STM32CubeIDE_1.19.0/STM32CubeIDE/plugins/com.st.stm32cube.ide.mcu.externaltools.gnu-tools-for-stm32.13.3.rel1.win32_1.0.0.202411081344/tools/bin/../lib/gcc/arm-none-eabi/13.3.1/../../../../arm-none-eabi/lib/thumb/v7e-m+fp/hard\libc_nano.a(libc_a-reent.o) (_impure_ptr)
C:/ST/STM32CubeIDE_1.19.0/STM32CubeIDE/plugins/com.st.stm32cube.ide.mcu.externaltools.gnu-tools-for-stm32.13.3.rel1.win32_1.0.0.202411081344/tools/bin/../lib/gcc/arm-none-eabi/13.3.1/../../../../arm-none-eabi/lib/thumb/v7e-m+fp/hard\libc_nano.a(libc_a-lseekr.o)
[...]
Memory Configuration

Name             Origin             Length             Attributes
RAM              0x20000000         0x00018000         xrw
FLASH            0x08000000         0x00080000         xr
*default*        0x00000000         0xffffffff

Linker script and memory map

LOAD C:/ST/STM32CubeIDE_1.19.0/STM32CubeIDE/plugins/com.st.stm32cube.ide.mcu.externaltools.gnu-tools-for-stm32.13.3.rel1.win32_1.0.0.202411081344/tools/bin/../lib/gcc/arm-none-eabi/13.3.1/thumb/v7e-m+fp/hard/crti.o
LOAD C:/ST/STM32CubeIDE_1.19.0/STM32CubeIDE/plugins/com.st.stm32cube.ide.mcu.externaltools.gnu-tools-for-stm32.13.3.rel1.win32_1.0.0.202411081344/tools/bin/../lib/gcc/arm-none-eabi/13.3.1/thumb/v7e-m+fp/hard/crtbegin.o
LOAD C:/ST/STM32CubeIDE_1.19.0/STM32CubeIDE/plugins/com.st.stm32cube.ide.mcu.externaltools.gnu-tools-for-stm32.13.3.rel1.win32_1.0.0.202411081344/tools/bin/../lib/gcc/arm-none-eabi/13.3.1/../../../../arm-none-eabi/lib/thumb/v7e-m+fp/hard/crt0.o
LOAD ./Core/Src/freertos.o
LOAD ./Core/Src/main.o
LOAD ./Core/Src/neopixel.o
LOAD ./Core/Src/stm32f4xx_hal_msp.o
LOAD ./Core/Src/stm32f4xx_it.o
LOAD ./Core/Src/syscalls.o
LOAD ./Core/Src/sysmem.o
LOAD ./Core/Src/system_stm32f4xx.o
LOAD ./Core/Src/veda_channel.o
LOAD ./Core/Src/veda_debug.o
LOAD ./Core/Src/veda_isr.o
LOAD ./Core/Src/veda_rs485.o
LOAD ./Core/Src/veda_strip.o
LOAD ./Core/Src/veda_supervisor.o
LOAD ./Core/Startup/startup_stm32f401retx.o
LOAD ./Drivers/STM32F4xx_HAL_Driver/Src/stm32f4xx_hal.o
LOAD ./Drivers/STM32F4xx_HAL_Driver/Src/stm32f4xx_hal_cortex.o
LOAD ./Drivers/STM32F4xx_HAL_Driver/Src/stm32f4xx_hal_dma.o
LOAD ./Drivers/STM32F4xx_HAL_Driver/Src/stm32f4xx_hal_dma_ex.o
LOAD ./Drivers/STM32F4xx_HAL_Driver/Src/stm32f4xx_hal_exti.o
LOAD ./Drivers/STM32F4xx_HAL_Driver/Src/stm32f4xx_hal_flash.o
LOAD ./Drivers/STM32F4xx_HAL_Driver/Src/stm32f4xx_hal_flash_ex.o
LOAD ./Drivers/STM32F4xx_HAL_Driver/Src/stm32f4xx_hal_flash_ramfunc.o
LOAD ./Drivers/STM32F4xx_HAL_Driver/Src/stm32f4xx_hal_gpio.o
LOAD ./Drivers/STM32F4xx_HAL_Driver/Src/stm32f4xx_hal_pwr.o
LOAD ./Drivers/STM32F4xx_HAL_Driver/Src/stm32f4xx_hal_pwr_ex.o
LOAD ./Drivers/STM32F4xx_HAL_Driver/Src/stm32f4xx_hal_rcc.o
LOAD ./Drivers/STM32F4xx_HAL_Driver/Src/stm32f4xx_hal_rcc_ex.o
LOAD ./Drivers/STM32F4xx_HAL_Driver/Src/stm32f4xx_hal_uart.o
LOAD ./Middlewares/Third_Party/FreeRTOS/Source/CMSIS_RTOS_V2/cmsis_os2.o
LOAD ./Middlewares/Third_Party/FreeRTOS/Source/croutine.o
LOAD ./Middlewares/Third_Party/FreeRTOS/Source/event_groups.o
LOAD ./Middlewares/Third_Party/FreeRTOS/Source/list.o
LOAD ./Middlewares/Third_Party/FreeRTOS/Source/queue.o
LOAD ./Middlewares/Third_Party/FreeRTOS/Source/stream_buffer.o
LOAD ./Middlewares/Third_Party/FreeRTOS/Source/tasks.o
LOAD ./Middlewares/Third_Party/FreeRTOS/Source/timers.o
LOAD ./Middlewares/Third_Party/FreeRTOS/Source/portable/GCC/ARM_CM4F/port.o
LOAD ./Middlewares/Third_Party/FreeRTOS/Source/portable/MemMang/heap_4.o
START GROUP
LOAD C:/ST/STM32CubeIDE_1.19.0/STM32CubeIDE/plugins/com.st.stm32cube.ide.mcu.externaltools.gnu-tools-for-stm32.13.3.rel1.win32_1.0.0.202411081344/tools/bin/../lib/gcc/arm-none-eabi/13.3.1/../../../../arm-none-eabi/lib/thumb/v7e-m+fp/hard\libc_nano.a
LOAD C:/ST/STM32CubeIDE_1.19.0/STM32CubeIDE/plugins/com.st.stm32cube.ide.mcu.externaltools.gnu-tools-for-stm32.13.3.rel1.win32_1.0.0.202411081344/tools/bin/../lib/gcc/arm-none-eabi/13.3.1/../../../../arm-none-eabi/lib/thumb/v7e-m+fp/hard\libm.a
END GROUP
START GROUP
LOAD C:/ST/STM32CubeIDE_1.19.0/STM32CubeIDE/plugins/com.st.stm32cube.ide.mcu.externaltools.gnu-tools-for-stm32.13.3.rel1.win32_1.0.0.202411081344/tools/bin/../lib/gcc/arm-none-eabi/13.3.1/thumb/v7e-m+fp/hard\libgcc.a
LOAD C:/ST/STM32CubeIDE_1.19.0/STM32CubeIDE/plugins/com.st.stm32cube.ide.mcu.externaltools.gnu-tools-for-stm32.13.3.rel1.win32_1.0.0.202411081344/tools/bin/../lib/gcc/arm-none-eabi/13.3.1/../../../../arm-none-eabi/lib/thumb/v7e-m+fp/hard\libc_nano.a
END GROUP
START GROUP
LOAD C:/ST/STM32CubeIDE_1.19.0/STM32CubeIDE/plugins/com.st.stm32cube.ide.mcu.externaltools.gnu-tools-for-stm32.13.3.rel1.win32_1.0.0.202411081344/tools/bin/../lib/gcc/arm-none-eabi/13.3.1/thumb/v7e-m+fp/hard\libgcc.a
LOAD C:/ST/STM32CubeIDE_1.19.0/STM32CubeIDE/plugins/com.st.stm32cube.ide.mcu.externaltools.gnu-tools-for-stm32.13.3.rel1.win32_1.0.0.202411081344/tools/bin/../lib/gcc/arm-none-eabi/13.3.1/../../../../arm-none-eabi/lib/thumb/v7e-m+fp/hard\libc_nano.a
LOAD C:/ST/STM32CubeIDE_1.19.0/STM32CubeIDE/plugins/com.st.stm32cube.ide.mcu.externaltools.gnu-tools-for-stm32.13.3.rel1.win32_1.0.0.202411081344/tools/bin/../lib/gcc/arm-none-eabi/13.3.1/../../../../arm-none-eabi/lib/thumb/v7e-m+fp/hard\libnosys.a
END GROUP
START GROUP
LOAD C:/ST/STM32CubeIDE_1.19.0/STM32CubeIDE/plugins/com.st.stm32cube.ide.mcu.externaltools.gnu-tools-for-stm32.13.3.rel1.win32_1.0.0.202411081344/tools/bin/../lib/gcc/arm-none-eabi/13.3.1/thumb/v7e-m+fp/hard\libgcc.a
LOAD C:/ST/STM32CubeIDE_1.19.0/STM32CubeIDE/plugins/com.st.stm32cube.ide.mcu.externaltools.gnu-tools-for-stm32.13.3.rel1.win32_1.0.0.202411081344/tools/bin/../lib/gcc/arm-none-eabi/13.3.1/../../../../arm-none-eabi/lib/thumb/v7e-m+fp/hard\libc_nano.a
LOAD C:/ST/STM32CubeIDE_1.19.0/STM32CubeIDE/plugins/com.st.stm32cube.ide.mcu.externaltools.gnu-tools-for-stm32.13.3.rel1.win32_1.0.0.202411081344/tools/bin/../lib/gcc/arm-none-eabi/13.3.1/../../../../arm-none-eabi/lib/thumb/v7e-m+fp/hard\libnosys.a
END GROUP
LOAD C:/ST/STM32CubeIDE_1.19.0/STM32CubeIDE/plugins/com.st.stm32cube.ide.mcu.externaltools.gnu-tools-for-stm32.13.3.rel1.win32_1.0.0.202411081344/tools/bin/../lib/gcc/arm-none-eabi/13.3.1/thumb/v7e-m+fp/hard/crtend.o
LOAD C:/ST/STM32CubeIDE_1.19.0/STM32CubeIDE/plugins/com.st.stm32cube.ide.mcu.externaltools.gnu-tools-for-stm32.13.3.rel1.win32_1.0.0.202411081344/tools/bin/../lib/gcc/arm-none-eabi/13.3.1/thumb/v7e-m+fp/hard/crtn.o
                0x20018000                        _estack = (ORIGIN (RAM) + LENGTH (RAM))
                0x00000200                        _Min_Heap_Size = 0x200
                0x00000400                        _Min_Stack_Size = 0x400

.isr_vector     0x08000000      0x194
                0x08000000                        . = ALIGN (0x4)
 *(.isr_vector)
 .isr_vector    0x08000000      0x194 ./Core/Startup/startup_stm32f401retx.o
                0x08000000                g_pfnVectors
                0x08000194                        . = ALIGN (0x4)

.text           0x080001a0     0x6874
                0x080001a0                        . = ALIGN (0x4)
 *(.text)
 .text          0x080001a0       0x40 C:/ST/STM32CubeIDE_1.19.0/STM32CubeIDE/plugins/com.st.stm32cube.ide.mcu.externaltools.gnu-tools-for-stm32.13.3.rel1.win32_1.0.0.202411081344/tools/bin/../lib/gcc/arm-none-eabi/13.3.1/thumb/v7e-m+fp/hard/crtbegin.o
 .text          0x080001e0       0x10 C:/ST/STM32CubeIDE_1.19.0/STM32CubeIDE/plugins/com.st.stm32cube.ide.mcu.externaltools.gnu-tools-for-stm32.13.3.rel1.win32_1.0.0.202411081344/tools/bin/../lib/gcc/arm-none-eabi/13.3.1/../../../../arm-none-eabi/lib/thumb/v7e-m+fp/hard\libc_nano.a(libc_a-strlen.o)
                0x080001e0                strlen
 .text          0x080001f0       0x30 C:/ST/STM32CubeIDE_1.19.0/STM32CubeIDE/plugins/com.st.stm32cube.ide.mcu.externaltools.gnu-tools-for-stm32.13.3.rel1.win32_1.0.0.202411081344/tools/bin/../lib/gcc/arm-none-eabi/13.3.1/thumb/v7e-m+fp/hard\libgcc.a(_aeabi_uldivmod.o)
                0x080001f0                __aeabi_uldivmod
 .text          0x08000220      0x2f8 C:/ST/STM32CubeIDE_1.19.0/STM32CubeIDE/plugins/com.st.stm32cube.ide.mcu.externaltools.gnu-tools-for-stm32.13.3.rel1.win32_1.0.0.202411081344/tools/bin/../lib/gcc/arm-none-eabi/13.3.1/thumb/v7e-m+fp/hard\libgcc.a(_udivmoddi4.o)
                0x08000220                __udivmoddi4
 .text          0x08000518        0x4 C:/ST/STM32CubeIDE_1.19.0/STM32CubeIDE/plugins/com.st.stm32cube.ide.mcu.externaltools.gnu-tools-for-stm32.13.3.rel1.win32_1.0.0.202411081344/tools/bin/../lib/gcc/arm-none-eabi/13.3.1/thumb/v7e-m+fp/hard\libgcc.a(_dvmd_tls.o)
                0x08000518                __aeabi_idiv0
                0x08000518                __aeabi_ldiv0
 *(.text*)
 .text.main     0x0800051c       0x50 ./Core/Src/main.o
                0x0800051c                main
 .text.SystemClock_Config
                0x0800056c       0xd8 ./Core/Src/main.o
                0x0800056c                SystemClock_Config
 .text.MX_USART1_UART_Init
                0x08000644       0x54 ./Core/Src/main.o
 .text.MX_USART2_UART_Init
                0x08000698       0x54 ./Core/Src/main.o
 .text.MX_GPIO_Init
                0x080006ec       0xdc ./Core/Src/main.o
 .text.StartDefaultTask
                0x080007c8       0x14 ./Core/Src/main.o
                0x080007c8                StartDefaultTask
 .text.Error_Handler
                0x080007dc        0xc ./Core/Src/main.o
                0x080007dc                Error_Handler
 .text.encode_byte
                0x080007e8       0x58 ./Core/Src/neopixel.o
 .text.dma_stream_disable
                0x08000840       0x50 ./Core/Src/neopixel.o
 .text.ws2812_transmit
                0x08000890      0x158 ./Core/Src/neopixel.o
 .text.timer_input_clock_hz
                0x080009e8       0x2c ./Core/Src/neopixel.o
 .text.neopixel_init
                0x08000a14      0x19c ./Core/Src/neopixel.o
                0x08000a14                neopixel_init
 .text.neopixel_show_solid
                0x08000bb0       0xec ./Core/Src/neopixel.o
                0x08000bb0                neopixel_show_solid
 .text.HAL_MspInit
                0x08000c9c       0x58 ./Core/Src/stm32f4xx_hal_msp.o
                0x08000c9c                HAL_MspInit
 .text.HAL_UART_MspInit
                0x08000cf4      0x108 ./Core/Src/stm32f4xx_hal_msp.o
                0x08000cf4                HAL_UART_MspInit
 .text.NMI_Handler
                0x08000dfc        0x8 ./Core/Src/stm32f4xx_it.o
                0x08000dfc                NMI_Handler
 .text.HardFault_Handler
                0x08000e04        0x8 ./Core/Src/stm32f4xx_it.o
                0x08000e04                HardFault_Handler
 .text.MemManage_Handler
                0x08000e0c        0x8 ./Core/Src/stm32f4xx_it.o
                0x08000e0c                MemManage_Handler
 .text.BusFault_Handler
                0x08000e14        0x8 ./Core/Src/stm32f4xx_it.o
                0x08000e14                BusFault_Handler
 .text.UsageFault_Handler
                0x08000e1c        0x8 ./Core/Src/stm32f4xx_it.o
                0x08000e1c                UsageFault_Handler
 .text.DebugMon_Handler
                0x08000e24        0xe ./Core/Src/stm32f4xx_it.o
                0x08000e24                DebugMon_Handler
 .text.SysTick_Handler
                0x08000e32       0x1a ./Core/Src/stm32f4xx_it.o
                0x08000e32                SysTick_Handler
 .text.USART1_IRQHandler
                0x08000e4c       0x14 ./Core/Src/stm32f4xx_it.o
                0x08000e4c                USART1_IRQHandler
 .text.SystemInit
                0x08000e60       0x24 ./Core/Src/system_stm32f4xx.o
                0x08000e60                SystemInit
 .text.channel_output_index
                0x08000e84       0x4c ./Core/Src/veda_channel.o
                0x08000e84                channel_output_index
 .text.channel_hardware_init
                0x08000ed0      0x13c ./Core/Src/veda_channel.o
                0x08000ed0                channel_hardware_init
 .text.apply_channel_state
                0x0800100c      0x110 ./Core/Src/veda_channel.o
                0x0800100c                apply_channel_state
 .text.slave_print
                0x0800111c       0x28 ./Core/Src/veda_debug.o
                0x0800111c                slave_print
 .text.slave_print_digit
                0x08001144       0x40 ./Core/Src/veda_debug.o
                0x08001144                slave_print_digit
 .text.slave_print_u32
                0x08001184       0x98 ./Core/Src/veda_debug.o
                0x08001184                slave_print_u32
 .text.veda_debug_line_offer
                0x0800121c       0x58 ./Core/Src/veda_debug.o
                0x0800121c                veda_debug_line_offer
 .text.veda_debug_line_service
                0x08001274       0x6c ./Core/Src/veda_debug.o
                0x08001274                veda_debug_line_service
 .text.veda_debug_loop_begin
                0x080012e0       0x20 ./Core/Src/veda_debug.o
                0x080012e0                veda_debug_loop_begin
 .text.veda_debug_loop_tick
                0x08001300       0x98 ./Core/Src/veda_debug.o
                0x08001300                veda_debug_loop_tick
 .text.HAL_UART_RxCpltCallback
                0x08001398       0x40 ./Core/Src/veda_isr.o
                0x08001398                HAL_UART_RxCpltCallback
 .text.HAL_UART_ErrorCallback
                0x080013d8       0x34 ./Core/Src/veda_isr.o
                0x080013d8                HAL_UART_ErrorCallback
 .text.process_rs485_line
                0x0800140c       0xea ./Core/Src/veda_rs485.o
                0x0800140c                process_rs485_line
 *fill*         0x080014f6        0x2 
 .text.process_rs485_byte
                0x080014f8       0x9c ./Core/Src/veda_rs485.o
                0x080014f8                process_rs485_byte
 .text.veda_rs485_line_reset
                0x08001594       0x24 ./Core/Src/veda_rs485.o
                0x08001594                veda_rs485_line_reset
 .text.veda_rs485_mark_rx
                0x080015b8       0x18 ./Core/Src/veda_rs485.o
                0x080015b8                veda_rs485_mark_rx
 .text.veda_rs485_idle_service
                0x080015d0       0x4c ./Core/Src/veda_rs485.o
                0x080015d0                veda_rs485_idle_service
 .text.veda_rs485_rx_arm
                0x0800161c       0x1c ./Core/Src/veda_rs485.o
                0x0800161c                veda_rs485_rx_arm
 .text.veda_rs485_rx_slot
                0x08001638       0x14 ./Core/Src/veda_rs485.o
                0x08001638                veda_rs485_rx_slot
 .text.rs485_de_init
                0x0800164c       0x64 ./Core/Src/veda_rs485.o
                0x0800164c                rs485_de_init
 .text.veda_rs485_ack_offer
                0x080016b0       0x44 ./Core/Src/veda_rs485.o
                0x080016b0                veda_rs485_ack_offer
 .text.rs485_send_ack
                0x080016f4      0x10c ./Core/Src/veda_rs485.o
 .text.veda_rs485_ack_service
                0x08001800       0x44 ./Core/Src/veda_rs485.o
                0x08001800                veda_rs485_ack_service
 .text.strip_show
                0x08001844       0xcc ./Core/Src/veda_strip.o
                0x08001844                strip_show
 .text.veda_strip_mark_shown
                0x08001910       0x28 ./Core/Src/veda_strip.o
                0x08001910                veda_strip_mark_shown
 .text.veda_strip_request
                0x08001938       0x24 ./Core/Src/veda_strip.o
                0x08001938                veda_strip_request
 .text.neopixel_service
                0x0800195c       0x80 ./Core/Src/veda_strip.o
                0x0800195c                neopixel_service
 .text.veda_supervisor_blink_id
                0x080019dc       0x48 ./Core/Src/veda_supervisor.o
 .text.veda_supervisor_banner
                0x08001a24      0x134 ./Core/Src/veda_supervisor.o
 .text.veda_supervisor_strip_boot
                0x08001b58       0x94 ./Core/Src/veda_supervisor.o
 .text.veda_supervisor_run
                0x08001bec       0x3a ./Core/Src/veda_supervisor.o
                0x08001bec                veda_supervisor_run
 *fill*         0x08001c26        0x2 
 .text.Reset_Handler
                0x08001c28       0x50 ./Core/Startup/startup_stm32f401retx.o
                0x08001c28                Reset_Handler
 .text.Default_Handler
                0x08001c78        0x2 ./Core/Startup/startup_stm32f401retx.o
                0x08001c78                RTC_Alarm_IRQHandler
                0x08001c78                EXTI2_IRQHandler
                0x08001c78                SPI4_IRQHandler
                0x08001c78                TIM1_CC_IRQHandler
                0x08001c78                DMA2_Stream5_IRQHandler
                0x08001c78                DMA1_Stream5_IRQHandler
                0x08001c78                PVD_IRQHandler
                0x08001c78                SDIO_IRQHandler
                0x08001c78                TAMP_STAMP_IRQHandler
                0x08001c78                EXTI3_IRQHandler
                0x08001c78                TIM1_UP_TIM10_IRQHandler
                0x08001c78                I2C3_ER_IRQHandler
                0x08001c78                EXTI0_IRQHandler
                0x08001c78                I2C2_EV_IRQHandler
                0x08001c78                DMA1_Stream2_IRQHandler
                0x08001c78                FPU_IRQHandler
                0x08001c78                DMA2_Stream2_IRQHandler
                0x08001c78                SPI1_IRQHandler
                0x08001c78                TIM1_BRK_TIM9_IRQHandler
                0x08001c78                DMA2_Stream3_IRQHandler
                0x08001c78                USART6_IRQHandler
                0x08001c78                DMA2_Stream0_IRQHandler
                0x08001c78                TIM4_IRQHandler
                0x08001c78                I2C1_EV_IRQHandler
                0x08001c78                DMA1_Stream6_IRQHandler
                0x08001c78                DMA1_Stream1_IRQHandler
                0x08001c78                TIM3_IRQHandler
                0x08001c78                RCC_IRQHandler
                0x08001c78                Default_Handler
                0x08001c78                EXTI15_10_IRQHandler
                0x08001c78                ADC_IRQHandler
                0x08001c78                DMA1_Stream7_IRQHandler
                0x08001c78                TIM5_IRQHandler
                0x08001c78                DMA2_Stream7_IRQHandler
                0x08001c78                I2C3_EV_IRQHandler
                0x08001c78                EXTI9_5_IRQHandler
                0x08001c78                RTC_WKUP_IRQHandler
                0x08001c78                SPI2_IRQHandler
                0x08001c78                DMA1_Stream0_IRQHandler
                0x08001c78                EXTI4_IRQHandler
                0x08001c78                WWDG_IRQHandler
                0x08001c78                TIM2_IRQHandler
                0x08001c78                OTG_FS_WKUP_IRQHandler
                0x08001c78                TIM1_TRG_COM_TIM11_IRQHandler
                0x08001c78                EXTI1_IRQHandler
                0x08001c78                USART2_IRQHandler
                0x08001c78                I2C2_ER_IRQHandler
                0x08001c78                DMA2_Stream1_IRQHandler
                0x08001c78                FLASH_IRQHandler
                0x08001c78                DMA2_Stream4_IRQHandler
                0x08001c78                OTG_FS_IRQHandler
                0x08001c78                SPI3_IRQHandler
                0x08001c78                DMA1_Stream4_IRQHandler
                0x08001c78                I2C1_ER_IRQHandler
                0x08001c78                DMA2_Stream6_IRQHandler
                0x08001c78                DMA1_Stream3_IRQHandler
 *fill*         0x08001c7a        0x2 
 .text.HAL_Init
                0x08001c7c       0x44 ./Drivers/STM32F4xx_HAL_Driver/Src/stm32f4xx_hal.o
                0x08001c7c                HAL_Init
 .text.HAL_InitTick
                0x08001cc0       0x60 ./Drivers/STM32F4xx_HAL_Driver/Src/stm32f4xx_hal.o
                0x08001cc0                HAL_InitTick
 .text.HAL_IncTick
                0x08001d20       0x28 ./Drivers/STM32F4xx_HAL_Driver/Src/stm32f4xx_hal.o
                0x08001d20                HAL_IncTick
 .text.HAL_GetTick
                0x08001d48       0x18 ./Drivers/STM32F4xx_HAL_Driver/Src/stm32f4xx_hal.o
                0x08001d48                HAL_GetTick
 .text.HAL_Delay
                0x08001d60       0x48 ./Drivers/STM32F4xx_HAL_Driver/Src/stm32f4xx_hal.o
                0x08001d60                HAL_Delay
 .text.__NVIC_SetPriorityGrouping
                0x08001da8       0x48 ./Drivers/STM32F4xx_HAL_Driver/Src/stm32f4xx_hal_cortex.o
 .text.__NVIC_GetPriorityGrouping
                0x08001df0       0x1c ./Drivers/STM32F4xx_HAL_Driver/Src/stm32f4xx_hal_cortex.o
 .text.__NVIC_EnableIRQ
                0x08001e0c       0x3c ./Drivers/STM32F4xx_HAL_Driver/Src/stm32f4xx_hal_cortex.o
 .text.__NVIC_SetPriority
                0x08001e48       0x54 ./Drivers/STM32F4xx_HAL_Driver/Src/stm32f4xx_hal_cortex.o
 .text.NVIC_EncodePriority
                0x08001e9c       0x66 ./Drivers/STM32F4xx_HAL_Driver/Src/stm32f4xx_hal_cortex.o
 *fill*         0x08001f02        0x2 
 .text.SysTick_Config
                0x08001f04       0x44 ./Drivers/STM32F4xx_HAL_Driver/Src/stm32f4xx_hal_cortex.o
 .text.HAL_NVIC_SetPriorityGrouping
                0x08001f48       0x16 ./Drivers/STM32F4xx_HAL_Driver/Src/stm32f4xx_hal_cortex.o
                0x08001f48                HAL_NVIC_SetPriorityGrouping
 .text.HAL_NVIC_SetPriority
                0x08001f5e       0x38 ./Drivers/STM32F4xx_HAL_Driver/Src/stm32f4xx_hal_cortex.o
                0x08001f5e                HAL_NVIC_SetPriority
 .text.HAL_NVIC_EnableIRQ
                0x08001f96       0x1c ./Drivers/STM32F4xx_HAL_Driver/Src/stm32f4xx_hal_cortex.o
                0x08001f96                HAL_NVIC_EnableIRQ
 .text.HAL_SYSTICK_Config
                0x08001fb2       0x18 ./Drivers/STM32F4xx_HAL_Driver/Src/stm32f4xx_hal_cortex.o
                0x08001fb2                HAL_SYSTICK_Config
 .text.HAL_DMA_Abort
                0x08001fca       0xe0 ./Drivers/STM32F4xx_HAL_Driver/Src/stm32f4xx_hal_dma.o
                0x08001fca                HAL_DMA_Abort
 .text.HAL_DMA_Abort_IT
                0x080020aa       0x44 ./Drivers/STM32F4xx_HAL_Driver/Src/stm32f4xx_hal_dma.o
                0x080020aa                HAL_DMA_Abort_IT
 *fill*         0x080020ee        0x2 
 .text.HAL_GPIO_Init
                0x080020f0      0x308 ./Drivers/STM32F4xx_HAL_Driver/Src/stm32f4xx_hal_gpio.o
                0x080020f0                HAL_GPIO_Init
 .text.HAL_GPIO_WritePin
                0x080023f8       0x32 ./Drivers/STM32F4xx_HAL_Driver/Src/stm32f4xx_hal_gpio.o
                0x080023f8                HAL_GPIO_WritePin
 *fill*         0x0800242a        0x2 
 .text.HAL_RCC_OscConfig
                0x0800242c      0x4f0 ./Drivers/STM32F4xx_HAL_Driver/Src/stm32f4xx_hal_rcc.o
                0x0800242c                HAL_RCC_OscConfig
 .text.HAL_RCC_ClockConfig
                0x0800291c      0x1cc ./Drivers/STM32F4xx_HAL_Driver/Src/stm32f4xx_hal_rcc.o
                0x0800291c                HAL_RCC_ClockConfig
 .text.HAL_RCC_GetSysClockFreq
                0x08002ae8      0x20c ./Drivers/STM32F4xx_HAL_Driver/Src/stm32f4xx_hal_rcc.o
                0x08002ae8                HAL_RCC_GetSysClockFreq
 .text.HAL_RCC_GetHCLKFreq
                0x08002cf4       0x18 ./Drivers/STM32F4xx_HAL_Driver/Src/stm32f4xx_hal_rcc.o
                0x08002cf4                HAL_RCC_GetHCLKFreq
 .text.HAL_RCC_GetPCLK1Freq
                0x08002d0c       0x28 ./Drivers/STM32F4xx_HAL_Driver/Src/stm32f4xx_hal_rcc.o
                0x08002d0c                HAL_RCC_GetPCLK1Freq
 .text.HAL_RCC_GetPCLK2Freq
                0x08002d34       0x28 ./Drivers/STM32F4xx_HAL_Driver/Src/stm32f4xx_hal_rcc.o
                0x08002d34                HAL_RCC_GetPCLK2Freq
 .text.HAL_UART_Init
                0x08002d5c       0xa0 ./Drivers/STM32F4xx_HAL_Driver/Src/stm32f4xx_hal_uart.o
                0x08002d5c                HAL_UART_Init
 .text.HAL_UART_Transmit
                0x08002dfc      0x116 ./Drivers/STM32F4xx_HAL_Driver/Src/stm32f4xx_hal_uart.o
                0x08002dfc                HAL_UART_Transmit
 .text.HAL_UART_Receive_IT
                0x08002f12       0x4a ./Drivers/STM32F4xx_HAL_Driver/Src/stm32f4xx_hal_uart.o
                0x08002f12                HAL_UART_Receive_IT
 .text.HAL_UART_IRQHandler
                0x08002f5c      0x554 ./Drivers/STM32F4xx_HAL_Driver/Src/stm32f4xx_hal_uart.o
                0x08002f5c                HAL_UART_IRQHandler
 .text.HAL_UART_TxCpltCallback
                0x080034b0       0x14 ./Drivers/STM32F4xx_HAL_Driver/Src/stm32f4xx_hal_uart.o
                0x080034b0                HAL_UART_TxCpltCallback
 .text.HAL_UARTEx_RxEventCallback
                0x080034c4       0x18 ./Drivers/STM32F4xx_HAL_Driver/Src/stm32f4xx_hal_uart.o
                0x080034c4                HAL_UARTEx_RxEventCallback
 .text.UART_WaitOnFlagUntilTimeout
                0x080034dc       0xb2 ./Drivers/STM32F4xx_HAL_Driver/Src/stm32f4xx_hal_uart.o
 .text.UART_Start_Receive_IT
                0x0800358e       0x74 ./Drivers/STM32F4xx_HAL_Driver/Src/stm32f4xx_hal_uart.o
                0x0800358e                UART_Start_Receive_IT
 .text.UART_EndRxTransfer
                0x08003602       0xc6 ./Drivers/STM32F4xx_HAL_Driver/Src/stm32f4xx_hal_uart.o
 .text.UART_DMAAbortOnError
                0x080036c8       0x22 ./Drivers/STM32F4xx_HAL_Driver/Src/stm32f4xx_hal_uart.o
 .text.UART_Transmit_IT
                0x080036ea       0xa0 ./Drivers/STM32F4xx_HAL_Driver/Src/stm32f4xx_hal_uart.o
 .text.UART_EndTransmit_IT
                0x0800378a       0x30 ./Drivers/STM32F4xx_HAL_Driver/Src/stm32f4xx_hal_uart.o
 .text.UART_Receive_IT
                0x080037ba      0x17c ./Drivers/STM32F4xx_HAL_Driver/Src/stm32f4xx_hal_uart.o
 *fill*         0x08003936        0x2 
 .text.UART_SetConfig
                0x08003938      0x4e8 ./Drivers/STM32F4xx_HAL_Driver/Src/stm32f4xx_hal_uart.o
 .text.__NVIC_SetPriority
                0x08003e20       0x54 ./Middlewares/Third_Party/FreeRTOS/Source/CMSIS_RTOS_V2/cmsis_os2.o
 .text.SVC_Setup
                0x08003e74       0x12 ./Middlewares/Third_Party/FreeRTOS/Source/CMSIS_RTOS_V2/cmsis_os2.o
 *fill*         0x08003e86        0x2 
 .text.osKernelInitialize
                0x08003e88       0x48 ./Middlewares/Third_Party/FreeRTOS/Source/CMSIS_RTOS_V2/cmsis_os2.o
                0x08003e88                osKernelInitialize
 .text.osKernelStart
                0x08003ed0       0x4c ./Middlewares/Third_Party/FreeRTOS/Source/CMSIS_RTOS_V2/cmsis_os2.o
                0x08003ed0                osKernelStart
 .text.osThreadNew
                0x08003f1c      0x124 ./Middlewares/Third_Party/FreeRTOS/Source/CMSIS_RTOS_V2/cmsis_os2.o
                0x08003f1c                osThreadNew
 .text.osDelay  0x08004040       0x36 ./Middlewares/Third_Party/FreeRTOS/Source/CMSIS_RTOS_V2/cmsis_os2.o
                0x08004040                osDelay
 *fill*         0x08004076        0x2 
 .text.vApplicationGetIdleTaskMemory
                0x08004078       0x34 ./Middlewares/Third_Party/FreeRTOS/Source/CMSIS_RTOS_V2/cmsis_os2.o
                0x08004078                vApplicationGetIdleTaskMemory
 .text.vApplicationGetTimerTaskMemory
                0x080040ac       0x34 ./Middlewares/Third_Party/FreeRTOS/Source/CMSIS_RTOS_V2/cmsis_os2.o
                0x080040ac                vApplicationGetTimerTaskMemory
 .text.vListInitialise
                0x080040e0       0x40 ./Middlewares/Third_Party/FreeRTOS/Source/list.o
                0x080040e0                vListInitialise
 .text.vListInitialiseItem
                0x08004120       0x1a ./Middlewares/Third_Party/FreeRTOS/Source/list.o
                0x08004120                vListInitialiseItem
 .text.vListInsertEnd
                0x0800413a       0x48 ./Middlewares/Third_Party/FreeRTOS/Source/list.o
                0x0800413a                vListInsertEnd
 .text.vListInsert
                0x08004182       0x72 ./Middlewares/Third_Party/FreeRTOS/Source/list.o
                0x08004182                vListInsert
 .text.uxListRemove
                0x080041f4       0x54 ./Middlewares/Third_Party/FreeRTOS/Source/list.o
                0x080041f4                uxListRemove
 .text.xQueueGenericReset
                0x08004248       0xd4 ./Middlewares/Third_Party/FreeRTOS/Source/queue.o
                0x08004248                xQueueGenericReset
 .text.xQueueGenericCreateStatic
                0x0800431c       0xfa ./Middlewares/Third_Party/FreeRTOS/Source/queue.o
                0x0800431c                xQueueGenericCreateStatic
 .text.prvInitialiseNewQueue
                0x08004416       0x46 ./Middlewares/Third_Party/FreeRTOS/Source/queue.o
 .text.xQueueGenericSend
                0x0800445c      0x204 ./Middlewares/Third_Party/FreeRTOS/Source/queue.o
                0x0800445c                xQueueGenericSend
 .text.xQueueGenericSendFromISR
                0x08004660      0x13c ./Middlewares/Third_Party/FreeRTOS/Source/queue.o
                0x08004660                xQueueGenericSendFromISR
 .text.xQueueReceive
                0x0800479c      0x1c4 ./Middlewares/Third_Party/FreeRTOS/Source/queue.o
                0x0800479c                xQueueReceive
 .text.prvCopyDataToQueue
                0x08004960       0xd4 ./Middlewares/Third_Party/FreeRTOS/Source/queue.o
 .text.prvCopyDataFromQueue
                0x08004a34       0x4c ./Middlewares/Third_Party/FreeRTOS/Source/queue.o
 .text.prvUnlockQueue
                0x08004a80       0xa4 ./Middlewares/Third_Party/FreeRTOS/Source/queue.o
 .text.prvIsQueueEmpty
                0x08004b24       0x2c ./Middlewares/Third_Party/FreeRTOS/Source/queue.o
 .text.prvIsQueueFull
                0x08004b50       0x30 ./Middlewares/Third_Party/FreeRTOS/Source/queue.o
 .text.vQueueAddToRegistry
                0x08004b80       0x54 ./Middlewares/Third_Party/FreeRTOS/Source/queue.o
                0x08004b80                vQueueAddToRegistry
 .text.vQueueWaitForMessageRestricted
                0x08004bd4       0x68 ./Middlewares/Third_Party/FreeRTOS/Source/queue.o
                0x08004bd4                vQueueWaitForMessageRestricted
 .text.xTaskCreateStatic
                0x08004c3c       0xc0 ./Middlewares/Third_Party/FreeRTOS/Source/tasks.o
                0x08004c3c                xTaskCreateStatic
 .text.xTaskCreate
                0x08004cfc       0x8a ./Middlewares/Third_Party/FreeRTOS/Source/tasks.o
                0x08004cfc                xTaskCreate
 .text.prvInitialiseNewTask
                0x08004d86      0x120 ./Middlewares/Third_Party/FreeRTOS/Source/tasks.o
 *fill*         0x08004ea6        0x2 
 .text.prvAddNewTaskToReadyList
                0x08004ea8       0xe0 ./Middlewares/Third_Party/FreeRTOS/Source/tasks.o
 .text.vTaskDelay
                0x08004f88       0x6c ./Middlewares/Third_Party/FreeRTOS/Source/tasks.o
                0x08004f88                vTaskDelay
 .text.vTaskStartScheduler
                0x08004ff4       0xd0 ./Middlewares/Third_Party/FreeRTOS/Source/tasks.o
                0x08004ff4                vTaskStartScheduler
 .text.vTaskSuspendAll
                0x080050c4       0x1c ./Middlewares/Third_Party/FreeRTOS/Source/tasks.o
                0x080050c4                vTaskSuspendAll
 .text.xTaskResumeAll
                0x080050e0      0x13c ./Middlewares/Third_Party/FreeRTOS/Source/tasks.o
                0x080050e0                xTaskResumeAll
 .text.xTaskGetTickCount
                0x0800521c       0x20 ./Middlewares/Third_Party/FreeRTOS/Source/tasks.o
                0x0800521c                xTaskGetTickCount
 .text.xTaskIncrementTick
                0x0800523c      0x174 ./Middlewares/Third_Party/FreeRTOS/Source/tasks.o
                0x0800523c                xTaskIncrementTick
 .text.vTaskSwitchContext
                0x080053b0       0xbc ./Middlewares/Third_Party/FreeRTOS/Source/tasks.o
                0x080053b0                vTaskSwitchContext
 .text.vTaskPlaceOnEventList
                0x0800546c       0x4c ./Middlewares/Third_Party/FreeRTOS/Source/tasks.o
                0x0800546c                vTaskPlaceOnEventList
 .text.vTaskPlaceOnEventListRestricted
                0x080054b8       0x58 ./Middlewares/Third_Party/FreeRTOS/Source/tasks.o
                0x080054b8                vTaskPlaceOnEventListRestricted
 .text.xTaskRemoveFromEventList
                0x08005510       0xc8 ./Middlewares/Third_Party/FreeRTOS/Source/tasks.o
                0x08005510                xTaskRemoveFromEventList
 .text.vTaskInternalSetTimeOutState
                0x080055d8       0x2c ./Middlewares/Third_Party/FreeRTOS/Source/tasks.o
                0x080055d8                vTaskInternalSetTimeOutState
 .text.xTaskCheckForTimeOut
                0x08005604       0xc8 ./Middlewares/Third_Party/FreeRTOS/Source/tasks.o
                0x08005604                xTaskCheckForTimeOut
 .text.vTaskMissedYield
                0x080056cc       0x18 ./Middlewares/Third_Party/FreeRTOS/Source/tasks.o
                0x080056cc                vTaskMissedYield
 .text.prvIdleTask
                0x080056e4       0x30 ./Middlewares/Third_Party/FreeRTOS/Source/tasks.o
 .text.prvInitialiseTaskLists
                0x08005714       0x80 ./Middlewares/Third_Party/FreeRTOS/Source/tasks.o
 .text.prvCheckTasksWaitingTermination
                0x08005794       0x5c ./Middlewares/Third_Party/FreeRTOS/Source/tasks.o
 .text.prvDeleteTCB
                0x080057f0       0x60 ./Middlewares/Third_Party/FreeRTOS/Source/tasks.o
 .text.prvResetNextTaskUnblockTime
                0x08005850       0x40 ./Middlewares/Third_Party/FreeRTOS/Source/tasks.o
 .text.xTaskGetSchedulerState
                0x08005890       0x3c ./Middlewares/Third_Party/FreeRTOS/Source/tasks.o
                0x08005890                xTaskGetSchedulerState
 .text.xTaskPriorityDisinherit
                0x080058cc       0xe0 ./Middlewares/Third_Party/FreeRTOS/Source/tasks.o
                0x080058cc                xTaskPriorityDisinherit
 .text.prvAddCurrentTaskToDelayedList
                0x080059ac       0xa8 ./Middlewares/Third_Party/FreeRTOS/Source/tasks.o
 .text.xTimerCreateTimerTask
                0x08005a54       0x94 ./Middlewares/Third_Party/FreeRTOS/Source/timers.o
                0x08005a54                xTimerCreateTimerTask
 .text.xTimerGenericCommand
                0x08005ae8       0x9c ./Middlewares/Third_Party/FreeRTOS/Source/timers.o
                0x08005ae8                xTimerGenericCommand
 .text.prvProcessExpiredTimer
                0x08005b84       0x9c ./Middlewares/Third_Party/FreeRTOS/Source/timers.o
 .text.prvTimerTask
                0x08005c20       0x26 ./Middlewares/Third_Party/FreeRTOS/Source/timers.o
 *fill*         0x08005c46        0x2 
 .text.prvProcessTimerOrBlockTask
                0x08005c48       0x9c ./Middlewares/Third_Party/FreeRTOS/Source/timers.o
 .text.prvGetNextExpireTime
                0x08005ce4       0x48 ./Middlewares/Third_Party/FreeRTOS/Source/timers.o
 .text.prvSampleTimeNow
                0x08005d2c       0x40 ./Middlewares/Third_Party/FreeRTOS/Source/timers.o
 .text.prvInsertTimerInActiveList
                0x08005d6c       0x84 ./Middlewares/Third_Party/FreeRTOS/Source/timers.o
 .text.prvProcessReceivedCommands
                0x08005df0      0x1cc ./Middlewares/Third_Party/FreeRTOS/Source/timers.o
 .text.prvSwitchTimerLists
                0x08005fbc       0xcc ./Middlewares/Third_Party/FreeRTOS/Source/timers.o
 .text.prvCheckForValidListAndQueue
                0x08006088       0x80 ./Middlewares/Third_Party/FreeRTOS/Source/timers.o
 .text.pxPortInitialiseStack
                0x08006108       0x68 ./Middlewares/Third_Party/FreeRTOS/Source/portable/GCC/ARM_CM4F/port.o
                0x08006108                pxPortInitialiseStack
 .text.prvTaskExitError
                0x08006170       0x5c ./Middlewares/Third_Party/FreeRTOS/Source/portable/GCC/ARM_CM4F/port.o
 *fill*         0x080061cc        0x4 
 .text.SVC_Handler
                0x080061d0       0x28 ./Middlewares/Third_Party/FreeRTOS/Source/portable/GCC/ARM_CM4F/port.o
                0x080061d0                SVC_Handler
 .text.prvPortStartFirstTask
                0x080061f8       0x28 ./Middlewares/Third_Party/FreeRTOS/Source/portable/GCC/ARM_CM4F/port.o
 .text.xPortStartScheduler
                0x08006220      0x148 ./Middlewares/Third_Party/FreeRTOS/Source/portable/GCC/ARM_CM4F/port.o
                0x08006220                xPortStartScheduler
 .text.vPortEnterCritical
                0x08006368       0x64 ./Middlewares/Third_Party/FreeRTOS/Source/portable/GCC/ARM_CM4F/port.o
                0x08006368                vPortEnterCritical
 .text.vPortExitCritical
                0x080063cc       0x54 ./Middlewares/Third_Party/FreeRTOS/Source/portable/GCC/ARM_CM4F/port.o
                0x080063cc                vPortExitCritical
 .text.PendSV_Handler
                0x08006420       0x68 ./Middlewares/Third_Party/FreeRTOS/Source/portable/GCC/ARM_CM4F/port.o
                0x08006420                PendSV_Handler
 .text.xPortSysTickHandler
                0x08006488       0x44 ./Middlewares/Third_Party/FreeRTOS/Source/portable/GCC/ARM_CM4F/port.o
                0x08006488                xPortSysTickHandler
 .text.vPortSetupTimerInterrupt
                0x080064cc       0x48 ./Middlewares/Third_Party/FreeRTOS/Source/portable/GCC/ARM_CM4F/port.o
                0x080064cc                vPortSetupTimerInterrupt
 .text.vPortEnableVFP
                0x08006514       0x14 ./Middlewares/Third_Party/FreeRTOS/Source/portable/GCC/ARM_CM4F/port.o
 .text.vPortValidateInterruptPriority
                0x08006528       0x84 ./Middlewares/Third_Party/FreeRTOS/Source/portable/GCC/ARM_CM4F/port.o
                0x08006528                vPortValidateInterruptPriority
 .text.pvPortMalloc
                0x080065ac      0x19c ./Middlewares/Third_Party/FreeRTOS/Source/portable/MemMang/heap_4.o
                0x080065ac                pvPortMalloc
 .text.vPortFree
                0x08006748       0xc8 ./Middlewares/Third_Party/FreeRTOS/Source/portable/MemMang/heap_4.o
                0x08006748                vPortFree
 .text.prvHeapInit
                0x08006810       0xc4 ./Middlewares/Third_Party/FreeRTOS/Source/portable/MemMang/heap_4.o
 .text.prvInsertBlockIntoFreeList
                0x080068d4       0xb4 ./Middlewares/Third_Party/FreeRTOS/Source/portable/MemMang/heap_4.o
 .text.memset   0x08006988       0x10 C:/ST/STM32CubeIDE_1.19.0/STM32CubeIDE/plugins/com.st.stm32cube.ide.mcu.externaltools.gnu-tools-for-stm32.13.3.rel1.win32_1.0.0.202411081344/tools/bin/../lib/gcc/arm-none-eabi/13.3.1/../../../../arm-none-eabi/lib/thumb/v7e-m+fp/hard\libc_nano.a(libc_a-memset.o)
                0x08006988                memset
 .text.__libc_init_array
                0x08006998       0x48 C:/ST/STM32CubeIDE_1.19.0/STM32CubeIDE/plugins/com.st.stm32cube.ide.mcu.externaltools.gnu-tools-for-stm32.13.3.rel1.win32_1.0.0.202411081344/tools/bin/../lib/gcc/arm-none-eabi/13.3.1/../../../../arm-none-eabi/lib/thumb/v7e-m+fp/hard\libc_nano.a(libc_a-init.o)
                0x08006998                __libc_init_array
 .text.memcpy   0x080069e0       0x1c C:/ST/STM32CubeIDE_1.19.0/STM32CubeIDE/plugins/com.st.stm32cube.ide.mcu.externaltools.gnu-tools-for-stm32.13.3.rel1.win32_1.0.0.202411081344/tools/bin/../lib/gcc/arm-none-eabi/13.3.1/../../../../arm-none-eabi/lib/thumb/v7e-m+fp/hard\libc_nano.a(libc_a-memcpy-stub.o)
                0x080069e0                memcpy
 *(.glue_7)
 .glue_7        0x080069fc        0x0 linker stubs
 *(.glue_7t)
 .glue_7t       0x080069fc        0x0 linker stubs
 *(.eh_frame)
 .eh_frame      0x080069fc        0x0 C:/ST/STM32CubeIDE_1.19.0/STM32CubeIDE/plugins/com.st.stm32cube.ide.mcu.externaltools.gnu-tools-for-stm32.13.3.rel1.win32_1.0.0.202411081344/tools/bin/../lib/gcc/arm-none-eabi/13.3.1/thumb/v7e-m+fp/hard/crtbegin.o
 *(.init)
 .init          0x080069fc        0x4 C:/ST/STM32CubeIDE_1.19.0/STM32CubeIDE/plugins/com.st.stm32cube.ide.mcu.externaltools.gnu-tools-for-stm32.13.3.rel1.win32_1.0.0.202411081344/tools/bin/../lib/gcc/arm-none-eabi/13.3.1/thumb/v7e-m+fp/hard/crti.o
                0x080069fc                _init
 .init          0x08006a00        0x8 C:/ST/STM32CubeIDE_1.19.0/STM32CubeIDE/plugins/com.st.stm32cube.ide.mcu.externaltools.gnu-tools-for-stm32.13.3.rel1.win32_1.0.0.202411081344/tools/bin/../lib/gcc/arm-none-eabi/13.3.1/thumb/v7e-m+fp/hard/crtn.o
 *(.fini)
 .fini          0x08006a08        0x4 C:/ST/STM32CubeIDE_1.19.0/STM32CubeIDE/plugins/com.st.stm32cube.ide.mcu.externaltools.gnu-tools-for-stm32.13.3.rel1.win32_1.0.0.202411081344/tools/bin/../lib/gcc/arm-none-eabi/13.3.1/thumb/v7e-m+fp/hard/crti.o
                0x08006a08                _fini
 .fini          0x08006a0c        0x8 C:/ST/STM32CubeIDE_1.19.0/STM32CubeIDE/plugins/com.st.stm32cube.ide.mcu.externaltools.gnu-tools-for-stm32.13.3.rel1.win32_1.0.0.202411081344/tools/bin/../lib/gcc/arm-none-eabi/13.3.1/thumb/v7e-m+fp/hard/crtn.o
                0x08006a14                        . = ALIGN (0x4)
                0x08006a14                        _etext = .

.vfp11_veneer   0x08006a14        0x0
 .vfp11_veneer  0x08006a14        0x0 linker stubs

.v4_bx          0x08006a14        0x0
 .v4_bx         0x08006a14        0x0 linker stubs

.iplt           0x08006a14        0x0
 .iplt          0x08006a14        0x0 C:/ST/STM32CubeIDE_1.19.0/STM32CubeIDE/plugins/com.st.stm32cube.ide.mcu.externaltools.gnu-tools-for-stm32.13.3.rel1.win32_1.0.0.202411081344/tools/bin/../lib/gcc/arm-none-eabi/13.3.1/thumb/v7e-m+fp/hard/crtbegin.o

.rodata         0x08006a14      0x2d4
                0x08006a14                        . = ALIGN (0x4)
 *(.rodata)
 .rodata        0x08006a14        0xc ./Core/Src/main.o
 .rodata        0x08006a20       0x20 ./Core/Src/veda_channel.o
 .rodata        0x08006a40       0xb2 ./Core/Src/veda_debug.o
 *fill*         0x08006af2        0x2 
 .rodata        0x08006af4       0x2a ./Core/Src/veda_strip.o
 *fill*         0x08006b1e        0x2 
 .rodata        0x08006b20       0xaa ./Core/Src/veda_supervisor.o
 *fill*         0x08006bca        0x2 
 .rodata        0x08006bcc        0x5 ./Middlewares/Third_Party/FreeRTOS/Source/tasks.o
 *fill*         0x08006bd1        0x3 
 .rodata        0x08006bd4        0xd ./Middlewares/Third_Party/FreeRTOS/Source/timers.o
 *(.rodata*)
 *fill*         0x08006be1        0x3 
 .rodata.defaultTask_attributes
                0x08006be4       0x24 ./Core/Src/main.o
                0x08006be4                defaultTask_attributes
 .rodata.neopixel_hw
                0x08006c08       0x78 ./Core/Src/neopixel.o
 .rodata.AHBPrescTable
                0x08006c80       0x10 ./Core/Src/system_stm32f4xx.o
                0x08006c80                AHBPrescTable
 .rodata.APBPrescTable
                0x08006c90        0x8 ./Core/Src/system_stm32f4xx.o
                0x08006c90                APBPrescTable
 .rodata.channel_output
                0x08006c98       0x38 ./Core/Src/veda_channel.o
                0x08006c98                channel_output
 .rodata.channel_output_count
                0x08006cd0        0x1 ./Core/Src/veda_channel.o
                0x08006cd0                channel_output_count
 *fill*         0x08006cd1        0x3 
 .rodata.verdict_text
                0x08006cd4       0x14 ./Core/Src/veda_debug.o
                0x08006ce8                        . = ALIGN (0x4)

.ARM.extab      0x08006ce8        0x0
                0x08006ce8                        . = ALIGN (0x4)
 *(.ARM.extab* .gnu.linkonce.armextab.*)
                0x08006ce8                        . = ALIGN (0x4)

.ARM            0x08006ce8        0x8
                0x08006ce8                        . = ALIGN (0x4)
                0x08006ce8                        __exidx_start = .
 *(.ARM.exidx*)
 .ARM.exidx     0x08006ce8        0x8 C:/ST/STM32CubeIDE_1.19.0/STM32CubeIDE/plugins/com.st.stm32cube.ide.mcu.externaltools.gnu-tools-for-stm32.13.3.rel1.win32_1.0.0.202411081344/tools/bin/../lib/gcc/arm-none-eabi/13.3.1/../../../../arm-none-eabi/lib/thumb/v7e-m+fp/hard\libc_nano.a(libc_a-strlen.o)
 .ARM.exidx     0x08006cf0        0x0 C:/ST/STM32CubeIDE_1.19.0/STM32CubeIDE/plugins/com.st.stm32cube.ide.mcu.externaltools.gnu-tools-for-stm32.13.3.rel1.win32_1.0.0.202411081344/tools/bin/../lib/gcc/arm-none-eabi/13.3.1/thumb/v7e-m+fp/hard\libgcc.a(_udivmoddi4.o)
                                  0x8 (size before relaxing)
                0x08006cf0                        __exidx_end = .
                0x08006cf0                        . = ALIGN (0x4)

.preinit_array  0x08006cf0        0x0
                0x08006cf0                        . = ALIGN (0x4)
                0x08006cf0                        PROVIDE (__preinit_array_start = .)
 *(.preinit_array*)
                0x08006cf0                        PROVIDE (__preinit_array_end = .)
                0x08006cf0                        . = ALIGN (0x4)

.init_array     0x08006cf0        0x4
                0x08006cf0                        . = ALIGN (0x4)
                0x08006cf0                        PROVIDE (__init_array_start = .)
 *(SORT_BY_NAME(.init_array.*))
 *(.init_array*)
 .init_array    0x08006cf0        0x4 C:/ST/STM32CubeIDE_1.19.0/STM32CubeIDE/plugins/com.st.stm32cube.ide.mcu.externaltools.gnu-tools-for-stm32.13.3.rel1.win32_1.0.0.202411081344/tools/bin/../lib/gcc/arm-none-eabi/13.3.1/thumb/v7e-m+fp/hard/crtbegin.o
                0x08006cf4                        PROVIDE (__init_array_end = .)
                0x08006cf4                        . = ALIGN (0x4)

.fini_array     0x08006cf4        0x4
                0x08006cf4                        . = ALIGN (0x4)
                [!provide]                        PROVIDE (__fini_array_start = .)
 *(SORT_BY_NAME(.fini_array.*))
 *(.fini_array*)
 .fini_array    0x08006cf4        0x4 C:/ST/STM32CubeIDE_1.19.0/STM32CubeIDE/plugins/com.st.stm32cube.ide.mcu.externaltools.gnu-tools-for-stm32.13.3.rel1.win32_1.0.0.202411081344/tools/bin/../lib/gcc/arm-none-eabi/13.3.1/thumb/v7e-m+fp/hard/crtbegin.o
                [!provide]                        PROVIDE (__fini_array_end = .)
                0x08006cf8                        . = ALIGN (0x4)
                0x08006cf8                        _sidata = LOADADDR (.data)

.rel.dyn        0x08006cf8        0x0
 .rel.iplt      0x08006cf8        0x0 C:/ST/STM32CubeIDE_1.19.0/STM32CubeIDE/plugins/com.st.stm32cube.ide.mcu.externaltools.gnu-tools-for-stm32.13.3.rel1.win32_1.0.0.202411081344/tools/bin/../lib/gcc/arm-none-eabi/13.3.1/thumb/v7e-m+fp/hard/crtbegin.o

.data           0x20000000       0x10 load address 0x08006cf8
                0x20000000                        . = ALIGN (0x4)
                0x20000000                        _sdata = .
 *(.data)
 *(.data*)
 .data.SystemCoreClock
                0x20000000        0x4 ./Core/Src/system_stm32f4xx.o
                0x20000000                SystemCoreClock
 .data.uwTickPrio
                0x20000004        0x4 ./Drivers/STM32F4xx_HAL_Driver/Src/stm32f4xx_hal.o
                0x20000004                uwTickPrio
 .data.uwTickFreq
                0x20000008        0x1 ./Drivers/STM32F4xx_HAL_Driver/Src/stm32f4xx_hal.o
                0x20000008                uwTickFreq
 *fill*         0x20000009        0x3 
 .data.uxCriticalNesting
                0x2000000c        0x4 ./Middlewares/Third_Party/FreeRTOS/Source/portable/GCC/ARM_CM4F/port.o
 *(.RamFunc)
 *(.RamFunc*)
                0x20000010                        . = ALIGN (0x4)
                0x20000010                        _edata = .

.igot.plt       0x20000010        0x0 load address 0x08006d08
 .igot.plt      0x20000010        0x0 C:/ST/STM32CubeIDE_1.19.0/STM32CubeIDE/plugins/com.st.stm32cube.ide.mcu.externaltools.gnu-tools-for-stm32.13.3.rel1.win32_1.0.0.202411081344/tools/bin/../lib/gcc/arm-none-eabi/13.3.1/thumb/v7e-m+fp/hard/crtbegin.o
                0x20000010                        . = ALIGN (0x4)

.bss            0x20000010     0x4fbc load address 0x08006d08
                0x20000010                        _sbss = .
                0x20000010                        __bss_start__ = _sbss
 *(.bss)
 .bss           0x20000010       0x1c C:/ST/STM32CubeIDE_1.19.0/STM32CubeIDE/plugins/com.st.stm32cube.ide.mcu.externaltools.gnu-tools-for-stm32.13.3.rel1.win32_1.0.0.202411081344/tools/bin/../lib/gcc/arm-none-eabi/13.3.1/thumb/v7e-m+fp/hard/crtbegin.o
 *(.bss*)
 .bss.huart1    0x2000002c       0x48 ./Core/Src/main.o
                0x2000002c                huart1
 .bss.huart2    0x20000074       0x48 ./Core/Src/main.o
                0x20000074                huart2
 .bss.defaultTaskHandle
                0x200000bc        0x4 ./Core/Src/main.o
                0x200000bc                defaultTaskHandle
 .bss.pwm_data  0x200000c0      0x570 ./Core/Src/neopixel.o
 .bss.channel_ready
                0x20000630        0x2 ./Core/Src/neopixel.o
 *fill*         0x20000632        0x2 
 .bss.channel_risk
                0x20000634        0x2 ./Core/Src/veda_channel.o
                0x20000634                channel_risk
 *fill*         0x20000636        0x2 
 .bss.debug_line
                0x20000638       0x11 ./Core/Src/veda_debug.o
 .bss.debug_verdict
                0x20000649        0x1 ./Core/Src/veda_debug.o
 .bss.debug_ready
                0x2000064a        0x1 ./Core/Src/veda_debug.o
 *fill*         0x2000064b        0x1 
 .bss.loop_count
                0x2000064c        0x4 ./Core/Src/veda_debug.o
 .bss.loop_report_msec
                0x20000650        0x4 ./Core/Src/veda_debug.o
 .bss.rs485_line
                0x20000654       0x10 ./Core/Src/veda_rs485.o
 .bss.rs485_line_length
                0x20000664        0x1 ./Core/Src/veda_rs485.o
 .bss.rs485_line_overflow
                0x20000665        0x1 ./Core/Src/veda_rs485.o
 .bss.rs485_rx_byte
                0x20000666        0x1 ./Core/Src/veda_rs485.o
 *fill*         0x20000667        0x1 
 .bss.rs485_last_rx_msec
                0x20000668        0x4 ./Core/Src/veda_rs485.o
 .bss.ack_pending
                0x2000066c        0x1 ./Core/Src/veda_rs485.o
 .bss.ack_channel
                0x2000066d        0x1 ./Core/Src/veda_rs485.o
 .bss.ack_risk  0x2000066e        0x1 ./Core/Src/veda_rs485.o
 *fill*         0x2000066f        0x1 
 .bss.strip_update_pending
                0x20000670        0x2 ./Core/Src/veda_strip.o
 *fill*         0x20000672        0x2 
 .bss.strip_shown_risk
                0x20000674        0x2 ./Core/Src/veda_strip.o
 *fill*         0x20000676        0x2 
 .bss.uwTick    0x20000678        0x4 ./Drivers/STM32F4xx_HAL_Driver/Src/stm32f4xx_hal.o
                0x20000678                uwTick
 .bss.KernelState
                0x2000067c        0x4 ./Middlewares/Third_Party/FreeRTOS/Source/CMSIS_RTOS_V2/cmsis_os2.o
 .bss.Idle_TCB.3
                0x20000680       0x5c ./Middlewares/Third_Party/FreeRTOS/Source/CMSIS_RTOS_V2/cmsis_os2.o
 .bss.Idle_Stack.2
                0x200006dc      0x200 ./Middlewares/Third_Party/FreeRTOS/Source/CMSIS_RTOS_V2/cmsis_os2.o
 .bss.Timer_TCB.1
                0x200008dc       0x5c ./Middlewares/Third_Party/FreeRTOS/Source/CMSIS_RTOS_V2/cmsis_os2.o
 .bss.Timer_Stack.0
                0x20000938      0x400 ./Middlewares/Third_Party/FreeRTOS/Source/CMSIS_RTOS_V2/cmsis_os2.o
 .bss.xQueueRegistry
                0x20000d38       0x40 ./Middlewares/Third_Party/FreeRTOS/Source/queue.o
                0x20000d38                xQueueRegistry
 .bss.pxCurrentTCB
                0x20000d78        0x4 ./Middlewares/Third_Party/FreeRTOS/Source/tasks.o
                0x20000d78                pxCurrentTCB
 .bss.pxReadyTasksLists
                0x20000d7c      0x460 ./Middlewares/Third_Party/FreeRTOS/Source/tasks.o
 .bss.xDelayedTaskList1
                0x200011dc       0x14 ./Middlewares/Third_Party/FreeRTOS/Source/tasks.o
 .bss.xDelayedTaskList2
                0x200011f0       0x14 ./Middlewares/Third_Party/FreeRTOS/Source/tasks.o
 .bss.pxDelayedTaskList
                0x20001204        0x4 ./Middlewares/Third_Party/FreeRTOS/Source/tasks.o
 .bss.pxOverflowDelayedTaskList
                0x20001208        0x4 ./Middlewares/Third_Party/FreeRTOS/Source/tasks.o
 .bss.xPendingReadyList
                0x2000120c       0x14 ./Middlewares/Third_Party/FreeRTOS/Source/tasks.o
 .bss.xTasksWaitingTermination
                0x20001220       0x14 ./Middlewares/Third_Party/FreeRTOS/Source/tasks.o
 .bss.uxDeletedTasksWaitingCleanUp
                0x20001234        0x4 ./Middlewares/Third_Party/FreeRTOS/Source/tasks.o
 .bss.xSuspendedTaskList
                0x20001238       0x14 ./Middlewares/Third_Party/FreeRTOS/Source/tasks.o
 .bss.uxCurrentNumberOfTasks
                0x2000124c        0x4 ./Middlewares/Third_Party/FreeRTOS/Source/tasks.o
 .bss.xTickCount
                0x20001250        0x4 ./Middlewares/Third_Party/FreeRTOS/Source/tasks.o
 .bss.uxTopReadyPriority
                0x20001254        0x4 ./Middlewares/Third_Party/FreeRTOS/Source/tasks.o
 .bss.xSchedulerRunning
                0x20001258        0x4 ./Middlewares/Third_Party/FreeRTOS/Source/tasks.o
 .bss.xPendedTicks
                0x2000125c        0x4 ./Middlewares/Third_Party/FreeRTOS/Source/tasks.o
 .bss.xYieldPending
                0x20001260        0x4 ./Middlewares/Third_Party/FreeRTOS/Source/tasks.o
 .bss.xNumOfOverflows
                0x20001264        0x4 ./Middlewares/Third_Party/FreeRTOS/Source/tasks.o
 .bss.uxTaskNumber
                0x20001268        0x4 ./Middlewares/Third_Party/FreeRTOS/Source/tasks.o
 .bss.xNextTaskUnblockTime
                0x2000126c        0x4 ./Middlewares/Third_Party/FreeRTOS/Source/tasks.o
 .bss.xIdleTaskHandle
                0x20001270        0x4 ./Middlewares/Third_Party/FreeRTOS/Source/tasks.o
 .bss.uxSchedulerSuspended
                0x20001274        0x4 ./Middlewares/Third_Party/FreeRTOS/Source/tasks.o
 .bss.xActiveTimerList1
                0x20001278       0x14 ./Middlewares/Third_Party/FreeRTOS/Source/timers.o
 .bss.xActiveTimerList2
                0x2000128c       0x14 ./Middlewares/Third_Party/FreeRTOS/Source/timers.o
 .bss.pxCurrentTimerList
                0x200012a0        0x4 ./Middlewares/Third_Party/FreeRTOS/Source/timers.o
 .bss.pxOverflowTimerList
                0x200012a4        0x4 ./Middlewares/Third_Party/FreeRTOS/Source/timers.o
 .bss.xTimerQueue
                0x200012a8        0x4 ./Middlewares/Third_Party/FreeRTOS/Source/timers.o
 .bss.xTimerTaskHandle
                0x200012ac        0x4 ./Middlewares/Third_Party/FreeRTOS/Source/timers.o
 .bss.xLastTime.2
                0x200012b0        0x4 ./Middlewares/Third_Party/FreeRTOS/Source/timers.o
 .bss.ucStaticTimerQueueStorage.1
                0x200012b4       0xa0 ./Middlewares/Third_Party/FreeRTOS/Source/timers.o
 .bss.xStaticTimerQueue.0
                0x20001354       0x50 ./Middlewares/Third_Party/FreeRTOS/Source/timers.o
 .bss.ucMaxSysCallPriority
                0x200013a4        0x1 ./Middlewares/Third_Party/FreeRTOS/Source/portable/GCC/ARM_CM4F/port.o
 *fill*         0x200013a5        0x3 
 .bss.ulMaxPRIGROUPValue
                0x200013a8        0x4 ./Middlewares/Third_Party/FreeRTOS/Source/portable/GCC/ARM_CM4F/port.o
 .bss.ucHeap    0x200013ac     0x3c00 ./Middlewares/Third_Party/FreeRTOS/Source/portable/MemMang/heap_4.o
 .bss.xStart    0x20004fac        0x8 ./Middlewares/Third_Party/FreeRTOS/Source/portable/MemMang/heap_4.o
 .bss.pxEnd     0x20004fb4        0x4 ./Middlewares/Third_Party/FreeRTOS/Source/portable/MemMang/heap_4.o
 .bss.xFreeBytesRemaining
                0x20004fb8        0x4 ./Middlewares/Third_Party/FreeRTOS/Source/portable/MemMang/heap_4.o
 .bss.xMinimumEverFreeBytesRemaining
                0x20004fbc        0x4 ./Middlewares/Third_Party/FreeRTOS/Source/portable/MemMang/heap_4.o
 .bss.xNumberOfSuccessfulAllocations
                0x20004fc0        0x4 ./Middlewares/Third_Party/FreeRTOS/Source/portable/MemMang/heap_4.o
 .bss.xNumberOfSuccessfulFrees
                0x20004fc4        0x4 ./Middlewares/Third_Party/FreeRTOS/Source/portable/MemMang/heap_4.o
 .bss.xBlockAllocatedBit
                0x20004fc8        0x4 ./Middlewares/Third_Party/FreeRTOS/Source/portable/MemMang/heap_4.o
 *(COMMON)
                0x20004fcc                        . = ALIGN (0x4)
                0x20004fcc                        _ebss = .
                0x20004fcc                        __bss_end__ = _ebss

._user_heap_stack
                0x20004fcc      0x604 load address 0x08006d08
                0x20004fd0                        . = ALIGN (0x8)
 *fill*         0x20004fcc        0x4 
                [!provide]                        PROVIDE (end = .)
                0x20004fd0                        PROVIDE (_end = .)
                0x200051d0                        . = (. + _Min_Heap_Size)
 *fill*         0x20004fd0      0x200 
                0x200055d0                        . = (. + _Min_Stack_Size)
 *fill*         0x200051d0      0x400 
                0x200055d0                        . = ALIGN (0x8)

/DISCARD/
 libc.a(*)
 libm.a(*)
 libgcc.a(*)

.ARM.attributes
                0x00000000       0x30
 *(.ARM.attributes)
 .ARM.attributes
                0x00000000       0x22 C:/ST/STM32CubeIDE_1.19.0/STM32CubeIDE/plugins/com.st.stm32cube.ide.mcu.externaltools.gnu-tools-for-stm32.13.3.rel1.win32_1.0.0.202411081344/tools/bin/../lib/gcc/arm-none-eabi/13.3.1/thumb/v7e-m+fp/hard/crti.o
 .ARM.attributes
                0x00000022       0x34 C:/ST/STM32CubeIDE_1.19.0/STM32CubeIDE/plugins/com.st.stm32cube.ide.mcu.externaltools.gnu-tools-for-stm32.13.3.rel1.win32_1.0.0.202411081344/tools/bin/../lib/gcc/arm-none-eabi/13.3.1/thumb/v7e-m+fp/hard/crtbegin.o
 .ARM.attributes
                0x00000056       0x34 ./Core/Src/main.o
 .ARM.attributes
                0x0000008a       0x34 ./Core/Src/neopixel.o
 .ARM.attributes
                0x000000be       0x34 ./Core/Src/stm32f4xx_hal_msp.o
 .ARM.attributes
                0x000000f2       0x34 ./Core/Src/stm32f4xx_it.o
 .ARM.attributes
                0x00000126       0x34 ./Core/Src/system_stm32f4xx.o
 .ARM.attributes
                0x0000015a       0x34 ./Core/Src/veda_channel.o
 .ARM.attributes
                0x0000018e       0x34 ./Core/Src/veda_debug.o
 .ARM.attributes
                0x000001c2       0x34 ./Core/Src/veda_isr.o
 .ARM.attributes
                0x000001f6       0x34 ./Core/Src/veda_rs485.o
 .ARM.attributes
                0x0000022a       0x34 ./Core/Src/veda_strip.o
 .ARM.attributes
                0x0000025e       0x34 ./Core/Src/veda_supervisor.o
 .ARM.attributes
                0x00000292       0x21 ./Core/Startup/startup_stm32f401retx.o
 .ARM.attributes
                0x000002b3       0x34 ./Drivers/STM32F4xx_HAL_Driver/Src/stm32f4xx_hal.o
 .ARM.attributes
                0x000002e7       0x34 ./Drivers/STM32F4xx_HAL_Driver/Src/stm32f4xx_hal_cortex.o
 .ARM.attributes
                0x0000031b       0x34 ./Drivers/STM32F4xx_HAL_Driver/Src/stm32f4xx_hal_dma.o
 .ARM.attributes
                0x0000034f       0x34 ./Drivers/STM32F4xx_HAL_Driver/Src/stm32f4xx_hal_gpio.o
 .ARM.attributes
                0x00000383       0x34 ./Drivers/STM32F4xx_HAL_Driver/Src/stm32f4xx_hal_rcc.o
 .ARM.attributes
                0x000003b7       0x34 ./Drivers/STM32F4xx_HAL_Driver/Src/stm32f4xx_hal_uart.o
 .ARM.attributes
                0x000003eb       0x34 ./Middlewares/Third_Party/FreeRTOS/Source/CMSIS_RTOS_V2/cmsis_os2.o
 .ARM.attributes
                0x0000041f       0x34 ./Middlewares/Third_Party/FreeRTOS/Source/list.o
 .ARM.attributes
                0x00000453       0x34 ./Middlewares/Third_Party/FreeRTOS/Source/queue.o
 .ARM.attributes
                0x00000487       0x34 ./Middlewares/Third_Party/FreeRTOS/Source/tasks.o
 .ARM.attributes
                0x000004bb       0x34 ./Middlewares/Third_Party/FreeRTOS/Source/timers.o
 .ARM.attributes
                0x000004ef       0x34 ./Middlewares/Third_Party/FreeRTOS/Source/portable/GCC/ARM_CM4F/port.o
 .ARM.attributes
                0x00000523       0x34 ./Middlewares/Third_Party/FreeRTOS/Source/portable/MemMang/heap_4.o
 .ARM.attributes
                0x00000557       0x34 C:/ST/STM32CubeIDE_1.19.0/STM32CubeIDE/plugins/com.st.stm32cube.ide.mcu.externaltools.gnu-tools-for-stm32.13.3.rel1.win32_1.0.0.202411081344/tools/bin/../lib/gcc/arm-none-eabi/13.3.1/../../../../arm-none-eabi/lib/thumb/v7e-m+fp/hard\libc_nano.a(libc_a-memset.o)
 .ARM.attributes
                0x0000058b       0x34 C:/ST/STM32CubeIDE_1.19.0/STM32CubeIDE/plugins/com.st.stm32cube.ide.mcu.externaltools.gnu-tools-for-stm32.13.3.rel1.win32_1.0.0.202411081344/tools/bin/../lib/gcc/arm-none-eabi/13.3.1/../../../../arm-none-eabi/lib/thumb/v7e-m+fp/hard\libc_nano.a(libc_a-init.o)
 .ARM.attributes
                0x000005bf       0x34 C:/ST/STM32CubeIDE_1.19.0/STM32CubeIDE/plugins/com.st.stm32cube.ide.mcu.externaltools.gnu-tools-for-stm32.13.3.rel1.win32_1.0.0.202411081344/tools/bin/../lib/gcc/arm-none-eabi/13.3.1/../../../../arm-none-eabi/lib/thumb/v7e-m+fp/hard\libc_nano.a(libc_a-memcpy-stub.o)
 .ARM.attributes
                0x000005f3       0x17 C:/ST/STM32CubeIDE_1.19.0/STM32CubeIDE/plugins/com.st.stm32cube.ide.mcu.externaltools.gnu-tools-for-stm32.13.3.rel1.win32_1.0.0.202411081344/tools/bin/../lib/gcc/arm-none-eabi/13.3.1/../../../../arm-none-eabi/lib/thumb/v7e-m+fp/hard\libc_nano.a(libc_a-strlen.o)
 .ARM.attributes
                0x0000060a       0x22 C:/ST/STM32CubeIDE_1.19.0/STM32CubeIDE/plugins/com.st.stm32cube.ide.mcu.externaltools.gnu-tools-for-stm32.13.3.rel1.win32_1.0.0.202411081344/tools/bin/../lib/gcc/arm-none-eabi/13.3.1/thumb/v7e-m+fp/hard\libgcc.a(_aeabi_uldivmod.o)
 .ARM.attributes
                0x0000062c       0x34 C:/ST/STM32CubeIDE_1.19.0/STM32CubeIDE/plugins/com.st.stm32cube.ide.mcu.externaltools.gnu-tools-for-stm32.13.3.rel1.win32_1.0.0.202411081344/tools/bin/../lib/gcc/arm-none-eabi/13.3.1/thumb/v7e-m+fp/hard\libgcc.a(_udivmoddi4.o)
 .ARM.attributes
                0x00000660       0x22 C:/ST/STM32CubeIDE_1.19.0/STM32CubeIDE/plugins/com.st.stm32cube.ide.mcu.externaltools.gnu-tools-for-stm32.13.3.rel1.win32_1.0.0.202411081344/tools/bin/../lib/gcc/arm-none-eabi/13.3.1/thumb/v7e-m+fp/hard\libgcc.a(_dvmd_tls.o)
 .ARM.attributes
                0x00000682       0x22 C:/ST/STM32CubeIDE_1.19.0/STM32CubeIDE/plugins/com.st.stm32cube.ide.mcu.externaltools.gnu-tools-for-stm32.13.3.rel1.win32_1.0.0.202411081344/tools/bin/../lib/gcc/arm-none-eabi/13.3.1/thumb/v7e-m+fp/hard/crtn.o
OUTPUT(rs485_receive_2.elf elf32-littlearm)
LOAD linker stubs
LOAD C:/ST/STM32CubeIDE_1.19.0/STM32CubeIDE/plugins/com.st.stm32cube.ide.mcu.externaltools.gnu-tools-for-stm32.13.3.rel1.win32_1.0.0.202411081344/tools/bin/../lib/gcc/arm-none-eabi/13.3.1/../../../../arm-none-eabi/lib/thumb/v7e-m+fp/hard\libc.a
LOAD C:/ST/STM32CubeIDE_1.19.0/STM32CubeIDE/plugins/com.st.stm32cube.ide.mcu.externaltools.gnu-tools-for-stm32.13.3.rel1.win32_1.0.0.202411081344/tools/bin/../lib/gcc/arm-none-eabi/13.3.1/../../../../arm-none-eabi/lib/thumb/v7e-m+fp/hard\libm.a
LOAD C:/ST/STM32CubeIDE_1.19.0/STM32CubeIDE/plugins/com.st.stm32cube.ide.mcu.externaltools.gnu-tools-for-stm32.13.3.rel1.win32_1.0.0.202411081344/tools/bin/../lib/gcc/arm-none-eabi/13.3.1/thumb/v7e-m+fp/hard\libgcc.a

.debug_info     0x00000000    0x14ebe
 .debug_info    0x00000000      0xf09 ./Core/Src/main.o
 .debug_info    0x00000f09      0x9b6 ./Core/Src/neopixel.o
 .debug_info    0x000018bf      0xb1a ./Core/Src/stm32f4xx_hal_msp.o
 .debug_info    0x000023d9      0x648 ./Core/Src/stm32f4xx_it.o
 .debug_info    0x00002a21      0x53e ./Core/Src/system_stm32f4xx.o
 .debug_info    0x00002f5f      0x654 ./Core/Src/veda_channel.o
 .debug_info    0x000035b3      0x83f ./Core/Src/veda_debug.o
 .debug_info    0x00003df2      0x63a ./Core/Src/veda_isr.o
 .debug_info    0x0000442c      0xbe0 ./Core/Src/veda_rs485.o
 .debug_info    0x0000500c      0x435 ./Core/Src/veda_strip.o
 .debug_info    0x00005441      0x457 ./Core/Src/veda_supervisor.o
 .debug_info    0x00005898       0x30 ./Core/Startup/startup_stm32f401retx.o
 .debug_info    0x000058c8      0x8bb ./Drivers/STM32F4xx_HAL_Driver/Src/stm32f4xx_hal.o
 .debug_info    0x00006183      0xcf6 ./Drivers/STM32F4xx_HAL_Driver/Src/stm32f4xx_hal_cortex.o
 .debug_info    0x00006e79      0x8e6 ./Drivers/STM32F4xx_HAL_Driver/Src/stm32f4xx_hal_dma.o
 .debug_info    0x0000775f      0x6f9 ./Drivers/STM32F4xx_HAL_Driver/Src/stm32f4xx_hal_gpio.o
 .debug_info    0x00007e58      0x905 ./Drivers/STM32F4xx_HAL_Driver/Src/stm32f4xx_hal_rcc.o
 .debug_info    0x0000875d     0x2f56 ./Drivers/STM32F4xx_HAL_Driver/Src/stm32f4xx_hal_uart.o
 .debug_info    0x0000b6b3     0x39bc ./Middlewares/Third_Party/FreeRTOS/Source/CMSIS_RTOS_V2/cmsis_os2.o
 .debug_info    0x0000f06f      0x2af ./Middlewares/Third_Party/FreeRTOS/Source/list.o
 .debug_info    0x0000f31e     0x1b79 ./Middlewares/Third_Party/FreeRTOS/Source/queue.o
 .debug_info    0x00010e97     0x21ec ./Middlewares/Third_Party/FreeRTOS/Source/tasks.o
 .debug_info    0x00013083     0x1488 ./Middlewares/Third_Party/FreeRTOS/Source/timers.o
 .debug_info    0x0001450b      0x4de ./Middlewares/Third_Party/FreeRTOS/Source/portable/GCC/ARM_CM4F/port.o
 .debug_info    0x000149e9      0x4d5 ./Middlewares/Third_Party/FreeRTOS/Source/portable/MemMang/heap_4.o

.debug_abbrev   0x00000000     0x3971
 .debug_abbrev  0x00000000      0x2c5 ./Core/Src/main.o
 .debug_abbrev  0x000002c5      0x247 ./Core/Src/neopixel.o
 .debug_abbrev  0x0000050c      0x1cb ./Core/Src/stm32f4xx_hal_msp.o
 .debug_abbrev  0x000006d7      0x197 ./Core/Src/stm32f4xx_it.o
 .debug_abbrev  0x0000086e      0x11a ./Core/Src/system_stm32f4xx.o
 .debug_abbrev  0x00000988      0x1c3 ./Core/Src/veda_channel.o
 .debug_abbrev  0x00000b4b      0x1fe ./Core/Src/veda_debug.o
 .debug_abbrev  0x00000d49      0x1ad ./Core/Src/veda_isr.o
 .debug_abbrev  0x00000ef6      0x291 ./Core/Src/veda_rs485.o
 .debug_abbrev  0x00001187      0x1c6 ./Core/Src/veda_strip.o
 .debug_abbrev  0x0000134d      0x1cf ./Core/Src/veda_supervisor.o
 .debug_abbrev  0x0000151c       0x24 ./Core/Startup/startup_stm32f401retx.o
 .debug_abbrev  0x00001540      0x24b ./Drivers/STM32F4xx_HAL_Driver/Src/stm32f4xx_hal.o
 .debug_abbrev  0x0000178b      0x31d ./Drivers/STM32F4xx_HAL_Driver/Src/stm32f4xx_hal_cortex.o
 .debug_abbrev  0x00001aa8      0x221 ./Drivers/STM32F4xx_HAL_Driver/Src/stm32f4xx_hal_dma.o
 .debug_abbrev  0x00001cc9      0x1d3 ./Drivers/STM32F4xx_HAL_Driver/Src/stm32f4xx_hal_gpio.o
 .debug_abbrev  0x00001e9c      0x2b6 ./Drivers/STM32F4xx_HAL_Driver/Src/stm32f4xx_hal_rcc.o
 .debug_abbrev  0x00002152      0x31b ./Drivers/STM32F4xx_HAL_Driver/Src/stm32f4xx_hal_uart.o
 .debug_abbrev  0x0000246d      0x508 ./Middlewares/Third_Party/FreeRTOS/Source/CMSIS_RTOS_V2/cmsis_os2.o
 .debug_abbrev  0x00002975       0xf5 ./Middlewares/Third_Party/FreeRTOS/Source/list.o
 .debug_abbrev  0x00002a6a      0x3b6 ./Middlewares/Third_Party/FreeRTOS/Source/queue.o
 .debug_abbrev  0x00002e20      0x386 ./Middlewares/Third_Party/FreeRTOS/Source/tasks.o
 .debug_abbrev  0x000031a6      0x352 ./Middlewares/Third_Party/FreeRTOS/Source/timers.o
 .debug_abbrev  0x000034f8      0x25c ./Middlewares/Third_Party/FreeRTOS/Source/portable/GCC/ARM_CM4F/port.o
 .debug_abbrev  0x00003754      0x21d ./Middlewares/Third_Party/FreeRTOS/Source/portable/MemMang/heap_4.o

.debug_aranges  0x00000000     0x10a0
 .debug_aranges
                0x00000000       0x50 ./Core/Src/main.o
 .debug_aranges
                0x00000050       0x48 ./Core/Src/neopixel.o
 .debug_aranges
                0x00000098       0x30 ./Core/Src/stm32f4xx_hal_msp.o
 .debug_aranges
                0x000000c8       0x58 ./Core/Src/stm32f4xx_it.o
 .debug_aranges
                0x00000120       0x28 ./Core/Src/system_stm32f4xx.o
 .debug_aranges
                0x00000148       0x30 ./Core/Src/veda_channel.o
 .debug_aranges
                0x00000178       0x50 ./Core/Src/veda_debug.o
 .debug_aranges
                0x000001c8       0x28 ./Core/Src/veda_isr.o
 .debug_aranges
                0x000001f0       0x70 ./Core/Src/veda_rs485.o
 .debug_aranges
                0x00000260       0x38 ./Core/Src/veda_strip.o
 .debug_aranges
                0x00000298       0x38 ./Core/Src/veda_supervisor.o
 .debug_aranges
                0x000002d0       0x28 ./Core/Startup/startup_stm32f401retx.o
 .debug_aranges
                0x000002f8       0xf0 ./Drivers/STM32F4xx_HAL_Driver/Src/stm32f4xx_hal.o
 .debug_aranges
                0x000003e8      0x130 ./Drivers/STM32F4xx_HAL_Driver/Src/stm32f4xx_hal_cortex.o
 .debug_aranges
                0x00000518       0x90 ./Drivers/STM32F4xx_HAL_Driver/Src/stm32f4xx_hal_dma.o
 .debug_aranges
                0x000005a8       0x58 ./Drivers/STM32F4xx_HAL_Driver/Src/stm32f4xx_hal_gpio.o
 .debug_aranges
                0x00000600       0x88 ./Drivers/STM32F4xx_HAL_Driver/Src/stm32f4xx_hal_rcc.o
 .debug_aranges
                0x00000688      0x208 ./Drivers/STM32F4xx_HAL_Driver/Src/stm32f4xx_hal_uart.o
 .debug_aranges
                0x00000890      0x2a8 ./Middlewares/Third_Party/FreeRTOS/Source/CMSIS_RTOS_V2/cmsis_os2.o
 .debug_aranges
                0x00000b38       0x40 ./Middlewares/Third_Party/FreeRTOS/Source/list.o
 .debug_aranges
                0x00000b78      0x158 ./Middlewares/Third_Party/FreeRTOS/Source/queue.o
 .debug_aranges
                0x00000cd0      0x208 ./Middlewares/Third_Party/FreeRTOS/Source/tasks.o
 .debug_aranges
                0x00000ed8       0xf0 ./Middlewares/Third_Party/FreeRTOS/Source/timers.o
 .debug_aranges
                0x00000fc8       0x80 ./Middlewares/Third_Party/FreeRTOS/Source/portable/GCC/ARM_CM4F/port.o
 .debug_aranges
                0x00001048       0x58 ./Middlewares/Third_Party/FreeRTOS/Source/portable/MemMang/heap_4.o

.debug_rnglists
                0x00000000      0xca7
 .debug_rnglists
                0x00000000       0x39 ./Core/Src/main.o
 .debug_rnglists
                0x00000039       0x34 ./Core/Src/neopixel.o
 .debug_rnglists
                0x0000006d       0x20 ./Core/Src/stm32f4xx_hal_msp.o
 .debug_rnglists
                0x0000008d       0x3d ./Core/Src/stm32f4xx_it.o
 .debug_rnglists
                0x000000ca       0x1a ./Core/Src/system_stm32f4xx.o
 .debug_rnglists
                0x000000e4       0x21 ./Core/Src/veda_channel.o
 .debug_rnglists
                0x00000105       0x39 ./Core/Src/veda_debug.o
 .debug_rnglists
                0x0000013e       0x19 ./Core/Src/veda_isr.o
 .debug_rnglists
                0x00000157       0x52 ./Core/Src/veda_rs485.o
 .debug_rnglists
                0x000001a9       0x27 ./Core/Src/veda_strip.o
 .debug_rnglists
                0x000001d0       0x27 ./Core/Src/veda_supervisor.o
 .debug_rnglists
                0x000001f7       0x19 ./Core/Startup/startup_stm32f401retx.o
 .debug_rnglists
                0x00000210       0xaf ./Drivers/STM32F4xx_HAL_Driver/Src/stm32f4xx_hal.o
 .debug_rnglists
                0x000002bf       0xe0 ./Drivers/STM32F4xx_HAL_Driver/Src/stm32f4xx_hal_cortex.o
 .debug_rnglists
                0x0000039f       0x70 ./Drivers/STM32F4xx_HAL_Driver/Src/stm32f4xx_hal_dma.o
 .debug_rnglists
                0x0000040f       0x3f ./Drivers/STM32F4xx_HAL_Driver/Src/stm32f4xx_hal_gpio.o
 .debug_rnglists
                0x0000044e       0x66 ./Drivers/STM32F4xx_HAL_Driver/Src/stm32f4xx_hal_rcc.o
 .debug_rnglists
                0x000004b4      0x1bc ./Drivers/STM32F4xx_HAL_Driver/Src/stm32f4xx_hal_uart.o
 .debug_rnglists
                0x00000670      0x20c ./Middlewares/Third_Party/FreeRTOS/Source/CMSIS_RTOS_V2/cmsis_os2.o
 .debug_rnglists
                0x0000087c       0x2b ./Middlewares/Third_Party/FreeRTOS/Source/list.o
 .debug_rnglists
                0x000008a7      0x109 ./Middlewares/Third_Party/FreeRTOS/Source/queue.o
 .debug_rnglists
                0x000009b0      0x1a0 ./Middlewares/Third_Party/FreeRTOS/Source/tasks.o
 .debug_rnglists
                0x00000b50       0xb8 ./Middlewares/Third_Party/FreeRTOS/Source/timers.o
 .debug_rnglists
                0x00000c08       0x5d ./Middlewares/Third_Party/FreeRTOS/Source/portable/GCC/ARM_CM4F/port.o
 .debug_rnglists
                0x00000c65       0x42 ./Middlewares/Third_Party/FreeRTOS/Source/portable/MemMang/heap_4.o

.debug_macro    0x00000000     0x456d
 .debug_macro   0x00000000      0x296 ./Core/Src/main.o
 .debug_macro   0x00000296      0x169 ./Core/Src/main.o
 .debug_macro   0x000003ff       0x66 ./Core/Src/main.o
 .debug_macro   0x00000465       0x74 ./Core/Src/main.o
 .debug_macro   0x000004d9       0xdd ./Core/Src/main.o
 .debug_macro   0x000005b6       0x10 ./Core/Src/main.o
 .debug_macro   0x000005c6       0xc5 ./Core/Src/main.o
 .debug_macro   0x0000068b       0x10 ./Core/Src/main.o
 .debug_macro   0x0000069b      0x303 ./Core/Src/neopixel.o
 .debug_macro   0x0000099e       0xb6 ./Core/Src/neopixel.o
 .debug_macro   0x00000a54       0x61 ./Core/Src/neopixel.o
 .debug_macro   0x00000ab5       0x2a ./Core/Src/neopixel.o
 .debug_macro   0x00000adf       0x43 ./Core/Src/neopixel.o
 .debug_macro   0x00000b22       0x34 ./Core/Src/neopixel.o
 .debug_macro   0x00000b56      0x370 ./Core/Src/neopixel.o
 .debug_macro   0x00000ec6       0x16 ./Core/Src/neopixel.o
 .debug_macro   0x00000edc       0x4a ./Core/Src/neopixel.o
 .debug_macro   0x00000f26       0x34 ./Core/Src/neopixel.o
 .debug_macro   0x00000f5a       0x10 ./Core/Src/neopixel.o
 .debug_macro   0x00000f6a       0x58 ./Core/Src/neopixel.o
 .debug_macro   0x00000fc2       0x8e ./Core/Src/neopixel.o
 .debug_macro   0x00001050       0x1c ./Core/Src/neopixel.o
 .debug_macro   0x0000106c      0x185 ./Core/Src/neopixel.o
 .debug_macro   0x000011f1       0x10 ./Core/Src/neopixel.o
 .debug_macro   0x00001201       0x3c ./Core/Src/neopixel.o
 .debug_macro   0x0000123d       0x20 ./Core/Src/neopixel.o
 .debug_macro   0x0000125d      0x1c9 ./Core/Src/stm32f4xx_hal_msp.o
 .debug_macro   0x00001426      0x23b ./Core/Src/stm32f4xx_it.o
 .debug_macro   0x00001661      0x1ba ./Core/Src/system_stm32f4xx.o
 .debug_macro   0x0000181b      0x213 ./Core/Src/veda_channel.o
 .debug_macro   0x00001a2e       0x16 ./Core/Src/veda_channel.o
 .debug_macro   0x00001a44      0x2b7 ./Core/Src/veda_debug.o
 .debug_macro   0x00001cfb       0x56 ./Core/Src/veda_debug.o
 .debug_macro   0x00001d51       0xbf ./Core/Src/veda_debug.o
 .debug_macro   0x00001e10       0x2e ./Core/Src/veda_debug.o
 .debug_macro   0x00001e3e      0x1eb ./Core/Src/veda_isr.o
 .debug_macro   0x00002029       0x28 ./Core/Src/veda_isr.o
 .debug_macro   0x00002051      0x265 ./Core/Src/veda_rs485.o
 .debug_macro   0x000022b6      0x205 ./Core/Src/veda_strip.o
 .debug_macro   0x000024bb      0x2b5 ./Core/Src/veda_supervisor.o
 .debug_macro   0x00002770       0x10 ./Core/Src/veda_supervisor.o
 .debug_macro   0x00002780       0xf5 ./Core/Src/veda_supervisor.o
 .debug_macro   0x00002875      0x21a ./Drivers/STM32F4xx_HAL_Driver/Src/stm32f4xx_hal.o
 .debug_macro   0x00002a8f      0x1ba ./Drivers/STM32F4xx_HAL_Driver/Src/stm32f4xx_hal_cortex.o
 .debug_macro   0x00002c49      0x1c0 ./Drivers/STM32F4xx_HAL_Driver/Src/stm32f4xx_hal_dma.o
 .debug_macro   0x00002e09      0x1c0 ./Drivers/STM32F4xx_HAL_Driver/Src/stm32f4xx_hal_gpio.o
 .debug_macro   0x00002fc9      0x1de ./Drivers/STM32F4xx_HAL_Driver/Src/stm32f4xx_hal_rcc.o
 .debug_macro   0x000031a7      0x1bb ./Drivers/STM32F4xx_HAL_Driver/Src/stm32f4xx_hal_uart.o
 .debug_macro   0x00003362      0x3b1 ./Middlewares/Third_Party/FreeRTOS/Source/CMSIS_RTOS_V2/cmsis_os2.o
 .debug_macro   0x00003713       0x91 ./Middlewares/Third_Party/FreeRTOS/Source/CMSIS_RTOS_V2/cmsis_os2.o
 .debug_macro   0x000037a4       0x8d ./Middlewares/Third_Party/FreeRTOS/Source/CMSIS_RTOS_V2/cmsis_os2.o
 .debug_macro   0x00003831       0x9a ./Middlewares/Third_Party/FreeRTOS/Source/CMSIS_RTOS_V2/cmsis_os2.o
 .debug_macro   0x000038cb       0x22 ./Middlewares/Third_Party/FreeRTOS/Source/CMSIS_RTOS_V2/cmsis_os2.o
 .debug_macro   0x000038ed      0x187 ./Middlewares/Third_Party/FreeRTOS/Source/list.o
 .debug_macro   0x00003a74      0x216 ./Middlewares/Third_Party/FreeRTOS/Source/queue.o
 .debug_macro   0x00003c8a       0x16 ./Middlewares/Third_Party/FreeRTOS/Source/queue.o
 .debug_macro   0x00003ca0       0x87 ./Middlewares/Third_Party/FreeRTOS/Source/queue.o
 .debug_macro   0x00003d27      0x27f ./Middlewares/Third_Party/FreeRTOS/Source/tasks.o
 .debug_macro   0x00003fa6       0x10 ./Middlewares/Third_Party/FreeRTOS/Source/tasks.o
 .debug_macro   0x00003fb6      0x1dc ./Middlewares/Third_Party/FreeRTOS/Source/timers.o
 .debug_macro   0x00004192       0x97 ./Middlewares/Third_Party/FreeRTOS/Source/timers.o
 .debug_macro   0x00004229      0x196 ./Middlewares/Third_Party/FreeRTOS/Source/portable/GCC/ARM_CM4F/port.o
 .debug_macro   0x000043bf      0x1ae ./Middlewares/Third_Party/FreeRTOS/Source/portable/MemMang/heap_4.o

.debug_line     0x00000000    0x1499f
 .debug_line    0x00000000      0xa1b ./Core/Src/main.o
 .debug_line    0x00000a1b      0xb91 ./Core/Src/neopixel.o
 .debug_line    0x000015ac      0x797 ./Core/Src/stm32f4xx_hal_msp.o
 .debug_line    0x00001d43      0x8c6 ./Core/Src/stm32f4xx_it.o
 .debug_line    0x00002609      0x78b ./Core/Src/system_stm32f4xx.o
 .debug_line    0x00002d94      0x88c ./Core/Src/veda_channel.o
 .debug_line    0x00003620      0xa1f ./Core/Src/veda_debug.o
 .debug_line    0x0000403f      0x777 ./Core/Src/veda_isr.o
 .debug_line    0x000047b6      0xafd ./Core/Src/veda_rs485.o
 .debug_line    0x000052b3      0x853 ./Core/Src/veda_strip.o
 .debug_line    0x00005b06      0x9fc ./Core/Src/veda_supervisor.o
 .debug_line    0x00006502       0x7a ./Core/Startup/startup_stm32f401retx.o
 .debug_line    0x0000657c      0xa07 ./Drivers/STM32F4xx_HAL_Driver/Src/stm32f4xx_hal.o
 .debug_line    0x00006f83      0xcd7 ./Drivers/STM32F4xx_HAL_Driver/Src/stm32f4xx_hal_cortex.o
 .debug_line    0x00007c5a      0xf73 ./Drivers/STM32F4xx_HAL_Driver/Src/stm32f4xx_hal_dma.o
 .debug_line    0x00008bcd      0xb23 ./Drivers/STM32F4xx_HAL_Driver/Src/stm32f4xx_hal_gpio.o
 .debug_line    0x000096f0      0xe16 ./Drivers/STM32F4xx_HAL_Driver/Src/stm32f4xx_hal_rcc.o
 .debug_line    0x0000a506     0x254f ./Drivers/STM32F4xx_HAL_Driver/Src/stm32f4xx_hal_uart.o
 .debug_line    0x0000ca55     0x24c1 ./Middlewares/Third_Party/FreeRTOS/Source/CMSIS_RTOS_V2/cmsis_os2.o
 .debug_line    0x0000ef16      0x78c ./Middlewares/Third_Party/FreeRTOS/Source/list.o
 .debug_line    0x0000f6a2     0x16fd ./Middlewares/Third_Party/FreeRTOS/Source/queue.o
 .debug_line    0x00010d9f     0x1c80 ./Middlewares/Third_Party/FreeRTOS/Source/tasks.o
 .debug_line    0x00012a1f      0xdcc ./Middlewares/Third_Party/FreeRTOS/Source/timers.o
 .debug_line    0x000137eb      0x811 ./Middlewares/Third_Party/FreeRTOS/Source/portable/GCC/ARM_CM4F/port.o
 .debug_line    0x00013ffc      0x9a3 ./Middlewares/Third_Party/FreeRTOS/Source/portable/MemMang/heap_4.o

.debug_str      0x00000000    0x90189
 .debug_str     0x00000000    0x90189 ./Core/Src/main.o
                              0x850bb (size before relaxing)
 .debug_str     0x00090189    0x82f96 ./Core/Src/neopixel.o
 .debug_str     0x00090189    0x8003b ./Core/Src/stm32f4xx_hal_msp.o
 .debug_str     0x00090189    0x8395b ./Core/Src/stm32f4xx_it.o
 .debug_str     0x00090189    0x7f58c ./Core/Src/system_stm32f4xx.o
 .debug_str     0x00090189    0x7fde2 ./Core/Src/veda_channel.o
 .debug_str     0x00090189    0x83194 ./Core/Src/veda_debug.o
 .debug_str     0x00090189    0x7fee4 ./Core/Src/veda_isr.o
 .debug_str     0x00090189    0x84061 ./Core/Src/veda_rs485.o
 .debug_str     0x00090189    0x7fc36 ./Core/Src/veda_strip.o
 .debug_str     0x00090189    0x84767 ./Core/Src/veda_supervisor.o
 .debug_str     0x00090189       0x6e ./Core/Startup/startup_stm32f401retx.o
 .debug_str     0x00090189    0x7ffae ./Drivers/STM32F4xx_HAL_Driver/Src/stm32f4xx_hal.o
 .debug_str     0x00090189    0x7fd18 ./Drivers/STM32F4xx_HAL_Driver/Src/stm32f4xx_hal_cortex.o
 .debug_str     0x00090189    0x7f994 ./Drivers/STM32F4xx_HAL_Driver/Src/stm32f4xx_hal_dma.o
 .debug_str     0x00090189    0x7f707 ./Drivers/STM32F4xx_HAL_Driver/Src/stm32f4xx_hal_gpio.o
 .debug_str     0x00090189    0x7f9c0 ./Drivers/STM32F4xx_HAL_Driver/Src/stm32f4xx_hal_rcc.o
 .debug_str     0x00090189    0x7ff8f ./Drivers/STM32F4xx_HAL_Driver/Src/stm32f4xx_hal_uart.o
 .debug_str     0x00090189    0x8a0c3 ./Middlewares/Third_Party/FreeRTOS/Source/CMSIS_RTOS_V2/cmsis_os2.o
 .debug_str     0x00090189     0xac00 ./Middlewares/Third_Party/FreeRTOS/Source/list.o
 .debug_str     0x00090189     0xc740 ./Middlewares/Third_Party/FreeRTOS/Source/queue.o
 .debug_str     0x00090189     0xd1fd ./Middlewares/Third_Party/FreeRTOS/Source/tasks.o
 .debug_str     0x00090189     0xcc72 ./Middlewares/Third_Party/FreeRTOS/Source/timers.o
 .debug_str     0x00090189     0x87a6 ./Middlewares/Third_Party/FreeRTOS/Source/portable/GCC/ARM_CM4F/port.o
 .debug_str     0x00090189     0xb542 ./Middlewares/Third_Party/FreeRTOS/Source/portable/MemMang/heap_4.o

.comment        0x00000000       0x43
 .comment       0x00000000       0x43 ./Core/Src/main.o
                                 0x44 (size before relaxing)
 .comment       0x00000043       0x44 ./Core/Src/neopixel.o
 .comment       0x00000043       0x44 ./Core/Src/stm32f4xx_hal_msp.o
 .comment       0x00000043       0x44 ./Core/Src/stm32f4xx_it.o
 .comment       0x00000043       0x44 ./Core/Src/system_stm32f4xx.o
 .comment       0x00000043       0x44 ./Core/Src/veda_channel.o
 .comment       0x00000043       0x44 ./Core/Src/veda_debug.o
 .comment       0x00000043       0x44 ./Core/Src/veda_isr.o
 .comment       0x00000043       0x44 ./Core/Src/veda_rs485.o
 .comment       0x00000043       0x44 ./Core/Src/veda_strip.o
 .comment       0x00000043       0x44 ./Core/Src/veda_supervisor.o
 .comment       0x00000043       0x44 ./Drivers/STM32F4xx_HAL_Driver/Src/stm32f4xx_hal.o
 .comment       0x00000043       0x44 ./Drivers/STM32F4xx_HAL_Driver/Src/stm32f4xx_hal_cortex.o
 .comment       0x00000043       0x44 ./Drivers/STM32F4xx_HAL_Driver/Src/stm32f4xx_hal_dma.o
 .comment       0x00000043       0x44 ./Drivers/STM32F4xx_HAL_Driver/Src/stm32f4xx_hal_gpio.o
 .comment       0x00000043       0x44 ./Drivers/STM32F4xx_HAL_Driver/Src/stm32f4xx_hal_rcc.o
 .comment       0x00000043       0x44 ./Drivers/STM32F4xx_HAL_Driver/Src/stm32f4xx_hal_uart.o
 .comment       0x00000043       0x44 ./Middlewares/Third_Party/FreeRTOS/Source/CMSIS_RTOS_V2/cmsis_os2.o
 .comment       0x00000043       0x44 ./Middlewares/Third_Party/FreeRTOS/Source/list.o
 .comment       0x00000043       0x44 ./Middlewares/Third_Party/FreeRTOS/Source/queue.o
 .comment       0x00000043       0x44 ./Middlewares/Third_Party/FreeRTOS/Source/tasks.o
 .comment       0x00000043       0x44 ./Middlewares/Third_Party/FreeRTOS/Source/timers.o
 .comment       0x00000043       0x44 ./Middlewares/Third_Party/FreeRTOS/Source/portable/GCC/ARM_CM4F/port.o
 .comment       0x00000043       0x44 ./Middlewares/Third_Party/FreeRTOS/Source/portable/MemMang/heap_4.o

.debug_frame    0x00000000     0x42ac
 .debug_frame   0x00000000       0xe8 ./Core/Src/main.o
 .debug_frame   0x000000e8       0xf4 ./Core/Src/neopixel.o
 .debug_frame   0x000001dc       0x7c ./Core/Src/stm32f4xx_hal_msp.o
 .debug_frame   0x00000258       0xe0 ./Core/Src/stm32f4xx_it.o
 .debug_frame   0x00000338       0x58 ./Core/Src/system_stm32f4xx.o
 .debug_frame   0x00000390       0x80 ./Core/Src/veda_channel.o
 .debug_frame   0x00000410       0xfc ./Core/Src/veda_debug.o
 .debug_frame   0x0000050c       0x58 ./Core/Src/veda_isr.o
 .debug_frame   0x00000564      0x180 ./Core/Src/veda_rs485.o
 .debug_frame   0x000006e4       0xac ./Core/Src/veda_strip.o
 .debug_frame   0x00000790       0x98 ./Core/Src/veda_supervisor.o
 .debug_frame   0x00000828      0x374 ./Drivers/STM32F4xx_HAL_Driver/Src/stm32f4xx_hal.o
 .debug_frame   0x00000b9c      0x508 ./Drivers/STM32F4xx_HAL_Driver/Src/stm32f4xx_hal_cortex.o
 .debug_frame   0x000010a4      0x250 ./Drivers/STM32F4xx_HAL_Driver/Src/stm32f4xx_hal_dma.o
 .debug_frame   0x000012f4      0x14c ./Drivers/STM32F4xx_HAL_Driver/Src/stm32f4xx_hal_gpio.o
 .debug_frame   0x00001440      0x1f4 ./Drivers/STM32F4xx_HAL_Driver/Src/stm32f4xx_hal_rcc.o
 .debug_frame   0x00001634      0x954 ./Drivers/STM32F4xx_HAL_Driver/Src/stm32f4xx_hal_uart.o
 .debug_frame   0x00001f88      0xbc8 ./Middlewares/Third_Party/FreeRTOS/Source/CMSIS_RTOS_V2/cmsis_os2.o
 .debug_frame   0x00002b50       0xd8 ./Middlewares/Third_Party/FreeRTOS/Source/list.o
 .debug_frame   0x00002c28      0x5ec ./Middlewares/Third_Party/FreeRTOS/Source/queue.o
 .debug_frame   0x00003214      0x8f0 ./Middlewares/Third_Party/FreeRTOS/Source/tasks.o
 .debug_frame   0x00003b04      0x400 ./Middlewares/Third_Party/FreeRTOS/Source/timers.o
 .debug_frame   0x00003f04      0x1a8 ./Middlewares/Third_Party/FreeRTOS/Source/portable/GCC/ARM_CM4F/port.o
 .debug_frame   0x000040ac      0x12c ./Middlewares/Third_Party/FreeRTOS/Source/portable/MemMang/heap_4.o
 .debug_frame   0x000041d8       0x20 C:/ST/STM32CubeIDE_1.19.0/STM32CubeIDE/plugins/com.st.stm32cube.ide.mcu.externaltools.gnu-tools-for-stm32.13.3.rel1.win32_1.0.0.202411081344/tools/bin/../lib/gcc/arm-none-eabi/13.3.1/../../../../arm-none-eabi/lib/thumb/v7e-m+fp/hard\libc_nano.a(libc_a-memset.o)
 .debug_frame   0x000041f8       0x2c C:/ST/STM32CubeIDE_1.19.0/STM32CubeIDE/plugins/com.st.stm32cube.ide.mcu.externaltools.gnu-tools-for-stm32.13.3.rel1.win32_1.0.0.202411081344/tools/bin/../lib/gcc/arm-none-eabi/13.3.1/../../../../arm-none-eabi/lib/thumb/v7e-m+fp/hard\libc_nano.a(libc_a-init.o)
 .debug_frame   0x00004224       0x28 C:/ST/STM32CubeIDE_1.19.0/STM32CubeIDE/plugins/com.st.stm32cube.ide.mcu.externaltools.gnu-tools-for-stm32.13.3.rel1.win32_1.0.0.202411081344/tools/bin/../lib/gcc/arm-none-eabi/13.3.1/../../../../arm-none-eabi/lib/thumb/v7e-m+fp/hard\libc_nano.a(libc_a-memcpy-stub.o)
 .debug_frame   0x0000424c       0x2c C:/ST/STM32CubeIDE_1.19.0/STM32CubeIDE/plugins/com.st.stm32cube.ide.mcu.externaltools.gnu-tools-for-stm32.13.3.rel1.win32_1.0.0.202411081344/tools/bin/../lib/gcc/arm-none-eabi/13.3.1/thumb/v7e-m+fp/hard\libgcc.a(_aeabi_uldivmod.o)
 .debug_frame   0x00004278       0x34 C:/ST/STM32CubeIDE_1.19.0/STM32CubeIDE/plugins/com.st.stm32cube.ide.mcu.externaltools.gnu-tools-for-stm32.13.3.rel1.win32_1.0.0.202411081344/tools/bin/../lib/gcc/arm-none-eabi/13.3.1/thumb/v7e-m+fp/hard\libgcc.a(_udivmoddi4.o)

.debug_line_str
                0x00000000       0x52
 .debug_line_str
                0x00000000       0x52 ./Core/Startup/startup_stm32f401retx.o
